Archive member included to satisfy reference by file (symbol)

C:/ST/STM32CubeIDE_1.19.0/STM32CubeIDE/plugins/com.st.stm32cube.ide.mcu.externaltools.gnu-tools-for-stm32.13.3.rel1.win32_1.0.0.202411081344/tools/bin/../lib/gcc/arm-none-eabi/13.3.1/../../../../arm-none-eabi/lib/thumb/v6-m/nofp\libc_nano.a(libc_a-exit.o)
                              C:/ST/STM32CubeIDE_1.19.0/STM32CubeIDE/plugins/com.st.stm32cube.ide.mcu.externaltools.gnu-tools-for-stm32.13.3.rel1.win32_1.0.0.202411081344/tools/bin/../lib/gcc/arm-none-eabi/13.3.1/../../../../arm-none-eabi/lib/thumb/v6-m/nofp/crt0.o (exit)
C:/ST/STM32CubeIDE_1.19.0/STM32CubeIDE/plugins/com.st.stm32cube.ide.mcu.externaltools.gnu-tools-for-stm32.13.3.rel1.win32_1.0.0.202411081344/tools/bin/../lib/gcc/arm-none-eabi/13.3.1/../../../../arm-none-eabi/lib/thumb/v6-m/nofp\libc_nano.a(libc_a-findfp.o)
                              C:/ST/STM32CubeIDE_1.19.0/STM32CubeIDE/plugins/com.st.stm32cube.ide.mcu.externaltools.gnu-tools-for-stm32.13.3.rel1.win32_1.0.0.202411081344/tools/bin/../lib/gcc/arm-none-eabi/13.3.1/../../../../arm-none-eabi/lib/thumb/v6-m/nofp\libc_nano.a(libc_a-exit.o) (__stdio_exit_handler)
C:/ST/STM32CubeIDE_1.19.0/STM32CubeIDE/plugins/com.st.stm32cube.ide.mcu.externaltools.gnu-tools-for-stm32.13.3.rel1.win32_1.0.0.202411081344/tools/bin/../lib/gcc/arm-none-eabi/13.3.1/../../../../arm-none-eabi/lib/thumb/v6-m/nofp\libc_nano.a(libc_a-fwalk.o)
                              C:/ST/STM32CubeIDE_1.19.0/STM32CubeIDE/plugins/com.st.stm32cube.ide.mcu.externaltools.gnu-tools-for-stm32.13.3.rel1.win32_1.0.0.202411081344/tools/bin/../lib/gcc/arm-none-eabi/13.3.1/../../../../arm-none-eabi/lib/thumb/v6-m/nofp\libc_nano.a(libc_a-findfp.o) (_fwalk_sglue)
C:/ST/STM32CubeIDE_1.19.0/STM32CubeIDE/plugins/com.st.stm32cube.ide.mcu.externaltools.gnu-tools-for-stm32.13.3.rel1.win32_1.0.0.202411081344/tools/bin/../lib/gcc/arm-none-eabi/13.3.1/../../../../arm-none-eabi/lib/thumb/v6-m/nofp\libc_nano.a(libc_a-stdio.o)
                              C:/ST/STM32CubeIDE_1.19.0/STM32CubeIDE/plugins/com.st.stm32cube.ide.mcu.externaltools.gnu-tools-for-stm32.13.3.rel1.win32_1.0.0.202411081344/tools/bin/../lib/gcc/arm-none-eabi/13.3.1/../../../../arm-none-eabi/lib/thumb/v6-m/nofp\libc_nano.a(libc_a-findfp.o) (__sread)
C:/ST/STM32CubeIDE_1.19.0/STM32CubeIDE/plugins/com.st.stm32cube.ide.mcu.externaltools.gnu-tools-for-stm32.13.3.rel1.win32_1.0.0.202411081344/tools/bin/../lib/gcc/arm-none-eabi/13.3.1/../../../../arm-none-eabi/lib/thumb/v6-m/nofp\libc_nano.a(libc_a-memmove.o)
                              ./Core/Src/data_storage.o (memmove)
C:/ST/STM32CubeIDE_1.19.0/STM32CubeIDE/plugins/com.st.stm32cube.ide.mcu.externaltools.gnu-tools-for-stm32.13.3.rel1.win32_1.0.0.202411081344/tools/bin/../lib/gcc/arm-none-eabi/13.3.1/../../../../arm-none-eabi/lib/thumb/v6-m/nofp\libc_nano.a(libc_a-memset.o)
                              C:/ST/STM32CubeIDE_1.19.0/STM32CubeIDE/plugins/com.st.stm32cube.ide.mcu.externaltools.gnu-tools-for-stm32.13.3.rel1.win32_1.0.0.202411081344/tools/bin/../lib/gcc/arm-none-eabi/13.3.1/../../../../arm-none-eabi/lib/thumb/v6-m/nofp/crt0.o (memset)
C:/ST/STM32CubeIDE_1.19.0/STM32CubeIDE/plugins/com.st.stm32cube.ide.mcu.externaltools.gnu-tools-for-stm32.13.3.rel1.win32_1.0.0.202411081344/tools/bin/../lib/gcc/arm-none-eabi/13.3.1/../../../../arm-none-eabi/lib/thumb/v6-m/nofp\libc_nano.a(libc_a-closer.o)
                              C:/ST/STM32CubeIDE_1.19.0/STM32CubeIDE/plugins/com.st.stm32cube.ide.mcu.externaltools.gnu-tools-for-stm32.13.3.rel1.win32_1.0.0.202411081344/tools/bin/../lib/gcc/arm-none-eabi/13.3.1/../../../../arm-none-eabi/lib/thumb/v6-m/nofp\libc_nano.a(libc_a-stdio.o) (_close_r)
C:/ST/STM32CubeIDE_1.19.0/STM32CubeIDE/plugins/com.st.stm32cube.ide.mcu.externaltools.gnu-tools-for-stm32.13.3.rel1.win32_1.0.0.202411081344/tools/bin/../lib/gcc/arm-none-eabi/13.3.1/../../../../arm-none-eabi/lib/thumb/v6-m/nofp\libc_nano.a(libc_a-reent.o)
                              C:/ST/STM32CubeIDE_1.19.0/STM32CubeIDE/plugins/com.st.stm32cube.ide.mcu.externaltools.gnu-tools-for-stm32.13.3.rel1.win32_1.0.0.202411081344/tools/bin/../lib/gcc/arm-none-eabi/13.3.1/../../../../arm-none-eabi/lib/thumb/v6-m/nofp\libc_nano.a(libc_a-closer.o) (errno)
C:/ST/STM32CubeIDE_1.19.0/STM32CubeIDE/plugins/com.st.stm32cube.ide.mcu.externaltools.gnu-tools-for-stm32.13.3.rel1.win32_1.0.0.202411081344/tools/bin/../lib/gcc/arm-none-eabi/13.3.1/../../../../arm-none-eabi/lib/thumb/v6-m/nofp\libc_nano.a(libc_a-impure.o)
                              C:/ST/STM32CubeIDE_1.19.0/STM32CubeIDE/plugins/com.st.stm32cube.ide.mcu.externaltools.gnu-tools-for-stm32.13.3.rel1.win32_1.0.0.202411081344/tools/bin/../lib/gcc/arm-none-eabi/13.3.1/../../../../arm-none-eabi/lib/thumb/v6-m/nofp\libc_nano.a(libc_a-reent.o) (_impure_ptr)
[...]
Memory Configuration

Name             Origin             Length             Attributes
RAM              0x20000000         0x00009000         xrw
FLASH            0x08000000         0x00020000         xr
*default*        0x00000000         0xffffffff

Linker script and memory map

LOAD C:/ST/STM32CubeIDE_1.19.0/STM32CubeIDE/plugins/com.st.stm32cube.ide.mcu.externaltools.gnu-tools-for-stm32.13.3.rel1.win32_1.0.0.202411081344/tools/bin/../lib/gcc/arm-none-eabi/13.3.1/thumb/v6-m/nofp/crti.o
LOAD C:/ST/STM32CubeIDE_1.19.0/STM32CubeIDE/plugins/com.st.stm32cube.ide.mcu.externaltools.gnu-tools-for-stm32.13.3.rel1.win32_1.0.0.202411081344/tools/bin/../lib/gcc/arm-none-eabi/13.3.1/thumb/v6-m/nofp/crtbegin.o
LOAD C:/ST/STM32CubeIDE_1.19.0/STM32CubeIDE/plugins/com.st.stm32cube.ide.mcu.externaltools.gnu-tools-for-stm32.13.3.rel1.win32_1.0.0.202411081344/tools/bin/../lib/gcc/arm-none-eabi/13.3.1/../../../../arm-none-eabi/lib/thumb/v6-m/nofp/crt0.o
LOAD ./Core/Src/app_logic.o
LOAD ./Core/Src/battery.o
LOAD ./Core/Src/ble_jdy29.o
LOAD ./Core/Src/ble_protocol.o
LOAD ./Core/Src/bma253.o
LOAD ./Core/Src/bringup_test.o
LOAD ./Core/Src/buzzer.o
LOAD ./Core/Src/component_test.o
LOAD ./Core/Src/data_storage.o
LOAD ./Core/Src/device_state.o
LOAD ./Core/Src/ee_store.o
LOAD ./Core/Src/hx711.o
LOAD ./Core/Src/main.o
LOAD ./Core/Src/ntc_temp.o
LOAD ./Core/Src/power_manager.o
LOAD ./Core/Src/rtc_manager.o
LOAD ./Core/Src/stm32g0xx_hal_msp.o
LOAD ./Core/Src/stm32g0xx_it.o
LOAD ./Core/Src/syscalls.o
LOAD ./Core/Src/sysmem.o
LOAD ./Core/Src/system_stm32g0xx.o
LOAD ./Core/Src/tds_sensor.o
LOAD ./Core/Src/ws2812b.o
LOAD ./Core/Startup/startup_stm32g070kbtx.o
LOAD ./Drivers/STM32G0xx_HAL_Driver/Src/stm32g0xx_hal.o
LOAD ./Drivers/STM32G0xx_HAL_Driver/Src/stm32g0xx_hal_adc.o
LOAD ./Drivers/STM32G0xx_HAL_Driver/Src/stm32g0xx_hal_adc_ex.o
LOAD ./Drivers/STM32G0xx_HAL_Driver/Src/stm32g0xx_hal_cortex.o
LOAD ./Drivers/STM32G0xx_HAL_Driver/Src/stm32g0xx_hal_dma.o
LOAD ./Drivers/STM32G0xx_HAL_Driver/Src/stm32g0xx_hal_dma_ex.o
LOAD ./Drivers/STM32G0xx_HAL_Driver/Src/stm32g0xx_hal_exti.o
LOAD ./Drivers/STM32G0xx_HAL_Driver/Src/stm32g0xx_hal_flash.o
LOAD ./Drivers/STM32G0xx_HAL_Driver/Src/stm32g0xx_hal_flash_ex.o
LOAD ./Drivers/STM32G0xx_HAL_Driver/Src/stm32g0xx_hal_gpio.o
LOAD ./Drivers/STM32G0xx_HAL_Driver/Src/stm32g0xx_hal_i2c.o
LOAD ./Drivers/STM32G0xx_HAL_Driver/Src/stm32g0xx_hal_i2c_ex.o
LOAD ./Drivers/STM32G0xx_HAL_Driver/Src/stm32g0xx_hal_pwr.o
LOAD ./Drivers/STM32G0xx_HAL_Driver/Src/stm32g0xx_hal_pwr_ex.o
LOAD ./Drivers/STM32G0xx_HAL_Driver/Src/stm32g0xx_hal_rcc.o
LOAD ./Drivers/STM32G0xx_HAL_Driver/Src/stm32g0xx_hal_rcc_ex.o
LOAD ./Drivers/STM32G0xx_HAL_Driver/Src/stm32g0xx_hal_tim.o
LOAD ./Drivers/STM32G0xx_HAL_Driver/Src/stm32g0xx_hal_tim_ex.o
LOAD ./Drivers/STM32G0xx_HAL_Driver/Src/stm32g0xx_hal_uart.o
LOAD ./Drivers/STM32G0xx_HAL_Driver/Src/stm32g0xx_hal_uart_ex.o
LOAD ./Drivers/STM32G0xx_HAL_Driver/Src/stm32g0xx_ll_adc.o
LOAD ./Drivers/STM32G0xx_HAL_Driver/Src/stm32g0xx_ll_rcc.o
START GROUP
LOAD C:/ST/STM32CubeIDE_1.19.0/STM32CubeIDE/plugins/com.st.stm32cube.ide.mcu.externaltools.gnu-tools-for-stm32.13.3.rel1.win32_1.0.0.202411081344/tools/bin/../lib/gcc/arm-none-eabi/13.3.1/../../../../arm-none-eabi/lib/thumb/v6-m/nofp\libc_nano.a
LOAD C:/ST/STM32CubeIDE_1.19.0/STM32CubeIDE/plugins/com.st.stm32cube.ide.mcu.externaltools.gnu-tools-for-stm32.13.3.rel1.win32_1.0.0.202411081344/tools/bin/../lib/gcc/arm-none-eabi/13.3.1/../../../../arm-none-eabi/lib/thumb/v6-m/nofp\libm.a
END GROUP
START GROUP
LOAD C:/ST/STM32CubeIDE_1.19.0/STM32CubeIDE/plugins/com.st.stm32cube.ide.mcu.externaltools.gnu-tools-for-stm32.13.3.rel1.win32_1.0.0.202411081344/tools/bin/../lib/gcc/arm-none-eabi/13.3.1/thumb/v6-m/nofp\libgcc.a
LOAD C:/ST/STM32CubeIDE_1.19.0/STM32CubeIDE/plugins/com.st.stm32cube.ide.mcu.externaltools.gnu-tools-for-stm32.13.3.rel1.win32_1.0.0.202411081344/tools/bin/../lib/gcc/arm-none-eabi/13.3.1/../../../../arm-none-eabi/lib/thumb/v6-m/nofp\libc_nano.a
END GROUP
START GROUP
LOAD C:/ST/STM32CubeIDE_1.19.0/STM32CubeIDE/plugins/com.st.stm32cube.ide.mcu.externaltools.gnu-tools-for-stm32.13.3.rel1.win32_1.0.0.202411081344/tools/bin/../lib/gcc/arm-none-eabi/13.3.1/thumb/v6-m/nofp\libgcc.a
LOAD C:/ST/STM32CubeIDE_1.19.0/STM32CubeIDE/plugins/com.st.stm32cube.ide.mcu.externaltools.gnu-tools-for-stm32.13.3.rel1.win32_1.0.0.202411081344/tools/bin/../lib/gcc/arm-none-eabi/13.3.1/../../../../arm-none-eabi/lib/thumb/v6-m/nofp\libc_nano.a
LOAD C:/ST/STM32CubeIDE_1.19.0/STM32CubeIDE/plugins/com.st.stm32cube.ide.mcu.externaltools.gnu-tools-for-stm32.13.3.rel1.win32_1.0.0.202411081344/tools/bin/../lib/gcc/arm-none-eabi/13.3.1/../../../../arm-none-eabi/lib/thumb/v6-m/nofp\libnosys.a
END GROUP
START GROUP
LOAD C:/ST/STM32CubeIDE_1.19.0/STM32CubeIDE/plugins/com.st.stm32cube.ide.mcu.externaltools.gnu-tools-for-stm32.13.3.rel1.win32_1.0.0.202411081344/tools/bin/../lib/gcc/arm-none-eabi/13.3.1/thumb/v6-m/nofp\libgcc.a
LOAD C:/ST/STM32CubeIDE_1.19.0/STM32CubeIDE/plugins/com.st.stm32cube.ide.mcu.externaltools.gnu-tools-for-stm32.13.3.rel1.win32_1.0.0.202411081344/tools/bin/../lib/gcc/arm-none-eabi/13.3.1/../../../../arm-none-eabi/lib/thumb/v6-m/nofp\libc_nano.a
LOAD C:/ST/STM32CubeIDE_1.19.0/STM32CubeIDE/plugins/com.st.stm32cube.ide.mcu.externaltools.gnu-tools-for-stm32.13.3.rel1.win32_1.0.0.202411081344/tools/bin/../lib/gcc/arm-none-eabi/13.3.1/../../../../arm-none-eabi/lib/thumb/v6-m/nofp\libnosys.a
END GROUP
LOAD C:/ST/STM32CubeIDE_1.19.0/STM32CubeIDE/plugins/com.st.stm32cube.ide.mcu.externaltools.gnu-tools-for-stm32.13.3.rel1.win32_1.0.0.202411081344/tools/bin/../lib/gcc/arm-none-eabi/13.3.1/thumb/v6-m/nofp/crtend.o
LOAD C:/ST/STM32CubeIDE_1.19.0/STM32CubeIDE/plugins/com.st.stm32cube.ide.mcu.externaltools.gnu-tools-for-stm32.13.3.rel1.win32_1.0.0.202411081344/tools/bin/../lib/gcc/arm-none-eabi/13.3.1/thumb/v6-m/nofp/crtn.o
                0x20009000                        _estack = (ORIGIN (RAM) + LENGTH (RAM))
                0x00000200                        _Min_Heap_Size = 0x200
                0x00000400                        _Min_Stack_Size = 0x400

.isr_vector     0x08000000       0xb8
                0x08000000                        . = ALIGN (0x4)
 *(.isr_vector)
 .isr_vector    0x08000000       0xb8 ./Core/Startup/startup_stm32g070kbtx.o
                0x08000000                g_pfnVectors
                0x080000b8                        . = ALIGN (0x4)

.text           0x080000b8     0xe658
                0x080000b8                        . = ALIGN (0x4)
 *(.text)
 .text          0x080000b8       0x48 C:/ST/STM32CubeIDE_1.19.0/STM32CubeIDE/plugins/com.st.stm32cube.ide.mcu.externaltools.gnu-tools-for-stm32.13.3.rel1.win32_1.0.0.202411081344/tools/bin/../lib/gcc/arm-none-eabi/13.3.1/thumb/v6-m/nofp/crtbegin.o
 .text          0x08000100       0x14 C:/ST/STM32CubeIDE_1.19.0/STM32CubeIDE/plugins/com.st.stm32cube.ide.mcu.externaltools.gnu-tools-for-stm32.13.3.rel1.win32_1.0.0.202411081344/tools/bin/../lib/gcc/arm-none-eabi/13.3.1/../../../../arm-none-eabi/lib/thumb/v6-m/nofp\libc_nano.a(libc_a-strcmp.o)
                0x08000100                strcmp
 .text          0x08000114        0xe C:/ST/STM32CubeIDE_1.19.0/STM32CubeIDE/plugins/com.st.stm32cube.ide.mcu.externaltools.gnu-tools-for-stm32.13.3.rel1.win32_1.0.0.202411081344/tools/bin/../lib/gcc/arm-none-eabi/13.3.1/../../../../arm-none-eabi/lib/thumb/v6-m/nofp\libc_nano.a(libc_a-strlen.o)
                0x08000114                strlen
 *fill*         0x08000122        0x2 
 .text          0x08000124       0x14 C:/ST/STM32CubeIDE_1.19.0/STM32CubeIDE/plugins/com.st.stm32cube.ide.mcu.externaltools.gnu-tools-for-stm32.13.3.rel1.win32_1.0.0.202411081344/tools/bin/../lib/gcc/arm-none-eabi/13.3.1/thumb/v6-m/nofp\libgcc.a(_thumb1_case_uqi.o)
                0x08000124                __gnu_thumb1_case_uqi
 .text          0x08000138       0x14 C:/ST/STM32CubeIDE_1.19.0/STM32CubeIDE/plugins/com.st.stm32cube.ide.mcu.externaltools.gnu-tools-for-stm32.13.3.rel1.win32_1.0.0.202411081344/tools/bin/../lib/gcc/arm-none-eabi/13.3.1/thumb/v6-m/nofp\libgcc.a(_thumb1_case_uhi.o)
                0x08000138                __gnu_thumb1_case_uhi
 .text          0x0800014c      0x114 C:/ST/STM32CubeIDE_1.19.0/STM32CubeIDE/plugins/com.st.stm32cube.ide.mcu.externaltools.gnu-tools-for-stm32.13.3.rel1.win32_1.0.0.202411081344/tools/bin/../lib/gcc/arm-none-eabi/13.3.1/thumb/v6-m/nofp\libgcc.a(_udivsi3.o)
                0x0800014c                __aeabi_uidiv
                0x0800014c                __udivsi3
                0x08000258                __aeabi_uidivmod
 .text          0x08000260      0x1d4 C:/ST/STM32CubeIDE_1.19.0/STM32CubeIDE/plugins/com.st.stm32cube.ide.mcu.externaltools.gnu-tools-for-stm32.13.3.rel1.win32_1.0.0.202411081344/tools/bin/../lib/gcc/arm-none-eabi/13.3.1/thumb/v6-m/nofp\libgcc.a(_divsi3.o)
                0x08000260                __divsi3
                0x08000260                __aeabi_idiv
                0x0800042c                __aeabi_idivmod
 .text          0x08000434        0x4 C:/ST/STM32CubeIDE_1.19.0/STM32CubeIDE/plugins/com.st.stm32cube.ide.mcu.externaltools.gnu-tools-for-stm32.13.3.rel1.win32_1.0.0.202411081344/tools/bin/../lib/gcc/arm-none-eabi/13.3.1/thumb/v6-m/nofp\libgcc.a(_dvmd_tls.o)
                0x08000434                __aeabi_idiv0
                0x08000434                __aeabi_ldiv0
 .text          0x08000438       0x48 C:/ST/STM32CubeIDE_1.19.0/STM32CubeIDE/plugins/com.st.stm32cube.ide.mcu.externaltools.gnu-tools-for-stm32.13.3.rel1.win32_1.0.0.202411081344/tools/bin/../lib/gcc/arm-none-eabi/13.3.1/thumb/v6-m/nofp\libgcc.a(_aeabi_ldivmod.o)
                0x08000438                __aeabi_ldivmod
 .text          0x08000480       0x5c C:/ST/STM32CubeIDE_1.19.0/STM32CubeIDE/plugins/com.st.stm32cube.ide.mcu.externaltools.gnu-tools-for-stm32.13.3.rel1.win32_1.0.0.202411081344/tools/bin/../lib/gcc/arm-none-eabi/13.3.1/thumb/v6-m/nofp\libgcc.a(_muldi3.o)
                0x08000480                __muldi3
                0x08000480                __aeabi_lmul
 .text          0x080004dc       0x3c C:/ST/STM32CubeIDE_1.19.0/STM32CubeIDE/plugins/com.st.stm32cube.ide.mcu.externaltools.gnu-tools-for-stm32.13.3.rel1.win32_1.0.0.202411081344/tools/bin/../lib/gcc/arm-none-eabi/13.3.1/thumb/v6-m/nofp\libgcc.a(bpabi.o)
                0x080004dc                __gnu_ldivmod_helper
 .text          0x08000518       0x18 C:/ST/STM32CubeIDE_1.19.0/STM32CubeIDE/plugins/com.st.stm32cube.ide.mcu.externaltools.gnu-tools-for-stm32.13.3.rel1.win32_1.0.0.202411081344/tools/bin/../lib/gcc/arm-none-eabi/13.3.1/thumb/v6-m/nofp\libgcc.a(_clzdi2.o)
                0x08000518                __clzdi2
 .text          0x08000530      0x1d8 C:/ST/STM32CubeIDE_1.19.0/STM32CubeIDE/plugins/com.st.stm32cube.ide.mcu.externaltools.gnu-tools-for-stm32.13.3.rel1.win32_1.0.0.202411081344/tools/bin/../lib/gcc/arm-none-eabi/13.3.1/thumb/v6-m/nofp\libgcc.a(_divdi3.o)
                0x08000530                __divdi3
 .text          0x08000708       0x3c C:/ST/STM32CubeIDE_1.19.0/STM32CubeIDE/plugins/com.st.stm32cube.ide.mcu.externaltools.gnu-tools-for-stm32.13.3.rel1.win32_1.0.0.202411081344/tools/bin/../lib/gcc/arm-none-eabi/13.3.1/thumb/v6-m/nofp\libgcc.a(_clzsi2.o)
                0x08000708                __clzsi2
 *(.text*)
 .text.App_ClearState
                0x08000744      0x1d4 ./Core/Src/app_logic.o
 .text.App_LogError
                0x08000918       0x48 ./Core/Src/app_logic.o
                0x08000918                App_LogError
 .text.I2C_BusRecover
                0x08000960       0xd8 ./Core/Src/app_logic.o
 .text.EE_Probe
                0x08000a38       0x64 ./Core/Src/app_logic.o
 .text.HX711_WaitReady
                0x08000a9c       0x2e ./Core/Src/app_logic.o
 *fill*         0x08000aca        0x2 
 .text.App_BLE_LinkISR
                0x08000acc       0x14 ./Core/Src/app_logic.o
                0x08000acc                App_BLE_LinkISR
 .text.App_RTC_TickISR
                0x08000ae0       0x10 ./Core/Src/app_logic.o
                0x08000ae0                App_RTC_TickISR
 .text.App_BLE_RxISR
                0x08000af0       0x10 ./Core/Src/app_logic.o
                0x08000af0                App_BLE_RxISR
 .text.App_MotionISR
                0x08000b00        0x8 ./Core/Src/app_logic.o
                0x08000b00                App_MotionISR
 .text.App_ButtonWakeISR
                0x08000b08        0x8 ./Core/Src/app_logic.o
                0x08000b08                App_ButtonWakeISR
 .text.App_Init
                0x08000b10      0x210 ./Core/Src/app_logic.o
                0x08000b10                App_Init
 .text.App_Run  0x08000d20      0x1b0 ./Core/Src/app_logic.o
                0x08000d20                App_Run
 .text.App_TaskWeight
                0x08000ed0       0x78 ./Core/Src/app_logic.o
                0x08000ed0                App_TaskWeight
 .text.App_CheckDrinkEvent
                0x08000f48       0x70 ./Core/Src/app_logic.o
                0x08000f48                App_CheckDrinkEvent
 .text.App_RecordDrinkEvent
                0x08000fb8       0x7c ./Core/Src/app_logic.o
                0x08000fb8                App_RecordDrinkEvent
 .text.App_TaskTDS
                0x08001034       0x88 ./Core/Src/app_logic.o
                0x08001034                App_TaskTDS
 .text.App_TaskTemp
                0x080010bc       0x78 ./Core/Src/app_logic.o
                0x080010bc                App_TaskTemp
 .text.App_TaskBattery
                0x08001134       0x90 ./Core/Src/app_logic.o
                0x08001134                App_TaskBattery
 .text.App_ServiceBLE
                0x080011c4       0x3c ./Core/Src/app_logic.o
                0x080011c4                App_ServiceBLE
 .text.App_TaskBLE
                0x08001200       0xa0 ./Core/Src/app_logic.o
                0x08001200                App_TaskBLE
 .text.App_TaskReminder
                0x080012a0       0xa4 ./Core/Src/app_logic.o
                0x080012a0                App_TaskReminder
 .text.App_TaskDailyRollup
                0x08001344       0x64 ./Core/Src/app_logic.o
                0x08001344                App_TaskDailyRollup
 .text.App_ButtonSinglePress
                0x080013a8       0x20 ./Core/Src/app_logic.o
 .text.App_ButtonDoublePress
                0x080013c8       0x48 ./Core/Src/app_logic.o
 .text.App_TaskButton
                0x08001410      0x100 ./Core/Src/app_logic.o
                0x08001410                App_TaskButton
 .text.App_CalcHydrationScore
                0x08001510       0x30 ./Core/Src/app_logic.o
                0x08001510                App_CalcHydrationScore
 .text.App_DoMeasureSequence
                0x08001540      0x110 ./Core/Src/app_logic.o
 .text.App_SendACK
                0x08001650       0x24 ./Core/Src/app_logic.o
                0x08001650                App_SendACK
 .text.App_HandleBLECommand
                0x08001674       0xba ./Core/Src/app_logic.o
                0x08001674                App_HandleBLECommand
 .text.s_u2s    0x0800172e       0x84 ./Core/Src/app_logic.o
 .text.s_i2s    0x080017b2       0x1a ./Core/Src/app_logic.o
 .text.s_app    0x080017cc       0x1a ./Core/Src/app_logic.o
 .text.s_csv    0x080017e6       0x78 ./Core/Src/app_logic.o
 *fill*         0x0800185e        0x2 
 .text.App_HandleStringCommand
                0x08001860     0x1334 ./Core/Src/app_logic.o
                0x08001860                App_HandleStringCommand
 .text.App_Cmd_Timestamp
                0x08002b94       0x7c ./Core/Src/app_logic.o
                0x08002b94                App_Cmd_Timestamp
 .text.Prefs_Valid
                0x08002c10       0x64 ./Core/Src/app_logic.o
 .text.App_Cmd_InputData
                0x08002c74       0x5c ./Core/Src/app_logic.o
                0x08002c74                App_Cmd_InputData
 .text.App_Cmd_Calibration
                0x08002cd0       0x80 ./Core/Src/app_logic.o
                0x08002cd0                App_Cmd_Calibration
 .text.App_Cmd_LampMode
                0x08002d50       0x8c ./Core/Src/app_logic.o
                0x08002d50                App_Cmd_LampMode
 .text.App_Cmd_SoftReset
                0x08002ddc       0x18 ./Core/Src/app_logic.o
                0x08002ddc                App_Cmd_SoftReset
 .text.App_Cmd_FactoryReset
                0x08002df4       0x28 ./Core/Src/app_logic.o
                0x08002df4                App_Cmd_FactoryReset
 .text.App_Cmd_FactoryResetRequest
                0x08002e1c       0x60 ./Core/Src/app_logic.o
                0x08002e1c                App_Cmd_FactoryResetRequest
 .text.App_Cmd_HistoricalAggregates
                0x08002e7c       0x74 ./Core/Src/app_logic.o
                0x08002e7c                App_Cmd_HistoricalAggregates
 .text.App_Cmd_RegisterDevice
                0x08002ef0       0x5c ./Core/Src/app_logic.o
                0x08002ef0                App_Cmd_RegisterDevice
 .text.App_Cmd_UnpairDevice
                0x08002f4c       0x30 ./Core/Src/app_logic.o
                0x08002f4c                App_Cmd_UnpairDevice
 .text.App_SendLogEntries
                0x08002f7c       0xb0 ./Core/Src/app_logic.o
 .text.App_Cmd_SensorLogs
                0x0800302c       0x44 ./Core/Src/app_logic.o
                0x0800302c                App_Cmd_SensorLogs
 .text.App_PushUnsyncedLogs
                0x08003070       0x30 ./Core/Src/app_logic.o
                0x08003070                App_PushUnsyncedLogs
 .text.App_Cmd_SyncAck
                0x080030a0       0x74 ./Core/Src/app_logic.o
                0x080030a0                App_Cmd_SyncAck
 .text.App_Cmd_DeviceStatus
                0x08003114       0xe0 ./Core/Src/app_logic.o
                0x08003114                App_Cmd_DeviceStatus
 .text.App_Cmd_GetConfig
                0x080031f4       0x24 ./Core/Src/app_logic.o
                0x080031f4                App_Cmd_GetConfig
 .text.App_Cmd_GetErrors
                0x08003218       0x7c ./Core/Src/app_logic.o
                0x08003218                App_Cmd_GetErrors
 .text.App_Cmd_GetInfo
                0x08003294       0x38 ./Core/Src/app_logic.o
                0x08003294                App_Cmd_GetInfo
 .text.App_Cmd_FirmwareUpdate
                0x080032cc        0xe ./Core/Src/app_logic.o
                0x080032cc                App_Cmd_FirmwareUpdate
 *fill*         0x080032da        0x2 
 .text.App_Cmd_Ping
                0x080032dc       0x20 ./Core/Src/app_logic.o
                0x080032dc                App_Cmd_Ping
 .text.App_Cmd_Measure
                0x080032fc       0x78 ./Core/Src/app_logic.o
                0x080032fc                App_Cmd_Measure
 .text.App_Cmd_DumpEEPROM
                0x08003374       0xc4 ./Core/Src/app_logic.o
                0x08003374                App_Cmd_DumpEEPROM
 .text.Battery_PctFromMv
                0x08003438       0x64 ./Core/Src/battery.o
 .text.Battery_ReadADC
                0x0800349c       0x4c ./Core/Src/battery.o
 .text.Battery_Init
                0x080034e8       0x14 ./Core/Src/battery.o
                0x080034e8                Battery_Init
 .text.Battery_Update
                0x080034fc      0x104 ./Core/Src/battery.o
                0x080034fc                Battery_Update
 .text.Battery_GetPercent
                0x08003600       0x12 ./Core/Src/battery.o
                0x08003600                Battery_GetPercent
 .text.Battery_IsCharging
                0x08003612        0xc ./Core/Src/battery.o
                0x08003612                Battery_IsCharging
 .text.Battery_IsFull
                0x0800361e        0xc ./Core/Src/battery.o
                0x0800361e                Battery_IsFull
 .text.Battery_IsLow
                0x0800362a       0x22 ./Core/Src/battery.o
                0x0800362a                Battery_IsLow
 .text.BLE_Init
                0x0800364c       0x30 ./Core/Src/ble_jdy29.o
                0x0800364c                BLE_Init
 .text.BLE_StartReceive
                0x0800367c        0xe ./Core/Src/ble_jdy29.o
                0x0800367c                BLE_StartReceive
 .text.BLE_RxISR
                0x0800368a       0xbe ./Core/Src/ble_jdy29.o
                0x0800368a                BLE_RxISR
 .text.BLE_GetPacket
                0x08003748       0x24 ./Core/Src/ble_jdy29.o
                0x08003748                BLE_GetPacket
 .text.BLE_TxRaw
                0x0800376c       0x40 ./Core/Src/ble_jdy29.o
 .text.BLE_SendPacket
                0x080037ac        0xa ./Core/Src/ble_jdy29.o
                0x080037ac                BLE_SendPacket
 .text.BLE_GetLine
                0x080037b6       0x34 ./Core/Src/ble_jdy29.o
                0x080037b6                BLE_GetLine
 .text.BLE_IdleFlush
                0x080037ea       0x4c ./Core/Src/ble_jdy29.o
                0x080037ea                BLE_IdleFlush
 .text.BLE_SendStr
                0x08003836       0x1a ./Core/Src/ble_jdy29.o
                0x08003836                BLE_SendStr
 .text.BLE_IsConnected
                0x08003850       0x1e ./Core/Src/ble_jdy29.o
                0x08003850                BLE_IsConnected
 .text.calc_chk
                0x0800386e       0x12 ./Core/Src/ble_protocol.o
 .text.BLE_ParsePacket
                0x08003880       0x64 ./Core/Src/ble_protocol.o
                0x08003880                BLE_ParsePacket
 .text.BLE_BuildPacket
                0x080038e4       0x44 ./Core/Src/ble_protocol.o
                0x080038e4                BLE_BuildPacket
 .text.BLE_BuildACK
                0x08003928       0x16 ./Core/Src/ble_protocol.o
                0x08003928                BLE_BuildACK
 .text.BLE_BuildPong
                0x0800393e        0xe ./Core/Src/ble_protocol.o
                0x0800393e                BLE_BuildPong
 .text.BLE_BuildStatus
                0x0800394c        0xe ./Core/Src/ble_protocol.o
                0x0800394c                BLE_BuildStatus
 .text.BLE_BuildErrEntry
                0x0800395a        0xe ./Core/Src/ble_protocol.o
                0x0800395a                BLE_BuildErrEntry
 .text.BLE_BuildInfo
                0x08003968        0xe ./Core/Src/ble_protocol.o
                0x08003968                BLE_BuildInfo
 .text.BLE_BuildLogEntry
                0x08003976        0xe ./Core/Src/ble_protocol.o
                0x08003976                BLE_BuildLogEntry
 .text.BLE_BuildDaily
                0x08003984        0xe ./Core/Src/ble_protocol.o
                0x08003984                BLE_BuildDaily
 .text.BLE_BuildConfig
                0x08003992        0xe ./Core/Src/ble_protocol.o
                0x08003992                BLE_BuildConfig
 .text.BLE_BuildEERecord
                0x080039a0        0xe ./Core/Src/ble_protocol.o
                0x080039a0                BLE_BuildEERecord
 .text.BMA253_WriteReg
                0x080039ae       0x1e ./Core/Src/bma253.o
 .text.BMA253_ReadRegs
                0x080039cc       0x36 ./Core/Src/bma253.o
 .text.BMA253_SoftReset
                0x08003a02       0x16 ./Core/Src/bma253.o
                0x08003a02                BMA253_SoftReset
 .text.BMA253_Init
                0x08003a18       0xaa ./Core/Src/bma253.o
                0x08003a18                BMA253_Init
 .text.BMA253_MotionISR
                0x08003ac2        0x6 ./Core/Src/bma253.o
                0x08003ac2                BMA253_MotionISR
 .text.Buzzer_ToneOn
                0x08003ac8       0x44 ./Core/Src/buzzer.o
 .text.Buzzer_ToneOff
                0x08003b0c       0x20 ./Core/Src/buzzer.o
 .text.Buzzer_Init
                0x08003b2c       0x1c ./Core/Src/buzzer.o
                0x08003b2c                Buzzer_Init
 .text.Buzzer_Stop
                0x08003b48       0x1c ./Core/Src/buzzer.o
                0x08003b48                Buzzer_Stop
 .text.Buzzer_Play
                0x08003b64       0x60 ./Core/Src/buzzer.o
                0x08003b64                Buzzer_Play
 .text.Buzzer_Update
                0x08003bc4       0xc0 ./Core/Src/buzzer.o
                0x08003bc4                Buzzer_Update
 .text.Flash_ErasePage
                0x08003c84       0x38 ./Core/Src/data_storage.o
 .text.Flash_WriteBytes
                0x08003cbc       0x6e ./Core/Src/data_storage.o
 .text.Flash_ReadBytes
                0x08003d2a        0xe ./Core/Src/data_storage.o
 .text.Storage_CRC32
                0x08003d38       0x4c ./Core/Src/data_storage.o
                0x08003d38                Storage_CRC32
 .text.Storage_DefaultPrefs
                0x08003d84       0x3c ./Core/Src/data_storage.o
                0x08003d84                Storage_DefaultPrefs
 .text.Storage_Init
                0x08003dc0        0x2 ./Core/Src/data_storage.o
                0x08003dc0                Storage_Init
 *fill*         0x08003dc2        0x2 
 .text.Storage_LoadSettings
                0x08003dc4       0x38 ./Core/Src/data_storage.o
                0x08003dc4                Storage_LoadSettings
 .text.Storage_SaveSettings
                0x08003dfc       0x3c ./Core/Src/data_storage.o
                0x08003dfc                Storage_SaveSettings
 .text.Storage_AddDrinkEvent
                0x08003e38       0x36 ./Core/Src/data_storage.o
                0x08003e38                Storage_AddDrinkEvent
 *fill*         0x08003e6e        0x2 
 .text.Storage_FlushDrinkLog
                0x08003e70       0x28 ./Core/Src/data_storage.o
                0x08003e70                Storage_FlushDrinkLog
 .text.Storage_LoadDrinkLog
                0x08003e98       0x28 ./Core/Src/data_storage.o
                0x08003e98                Storage_LoadDrinkLog
 .text.Storage_MarkSynced
                0x08003ec0       0x2a ./Core/Src/data_storage.o
                0x08003ec0                Storage_MarkSynced
 .text.Storage_PurgeSyncedBefore
                0x08003eea       0x6c ./Core/Src/data_storage.o
                0x08003eea                Storage_PurgeSyncedBefore
 *fill*         0x08003f56        0x2 
 .text.Storage_UpdateDailySummary
                0x08003f58      0x11c ./Core/Src/data_storage.o
                0x08003f58                Storage_UpdateDailySummary
 .text.Storage_FlushDailySummary
                0x08004074       0x2c ./Core/Src/data_storage.o
                0x08004074                Storage_FlushDailySummary
 .text.Storage_LoadDailySummary
                0x080040a0       0x2c ./Core/Src/data_storage.o
                0x080040a0                Storage_LoadDailySummary
 .text.Storage_PurgeDailySummaryOlderThan
                0x080040cc       0x56 ./Core/Src/data_storage.o
                0x080040cc                Storage_PurgeDailySummaryOlderThan
 *fill*         0x08004122        0x2 
 .text.Storage_FactoryReset
                0x08004124       0x2c ./Core/Src/data_storage.o
                0x08004124                Storage_FactoryReset
 .text.OnEnterState
                0x08004150       0x72 ./Core/Src/device_state.o
 .text.Device_Init
                0x080041c2        0xc ./Core/Src/device_state.o
                0x080041c2                Device_Init
 .text.Device_PostEvent
                0x080041ce       0x1c ./Core/Src/device_state.o
                0x080041ce                Device_PostEvent
 .text.Device_PopEvent
                0x080041ea       0x1a ./Core/Src/device_state.o
 .text.Device_Apply
                0x08004204       0xb8 ./Core/Src/device_state.o
 .text.Device_Run
                0x080042bc       0x20 ./Core/Src/device_state.o
                0x080042bc                Device_Run
 .text.ee_crc8  0x080042dc       0x30 ./Core/Src/ee_store.o
 .text.ee_write
                0x0800430c       0x64 ./Core/Src/ee_store.o
 .text.ee_read  0x08004370       0x30 ./Core/Src/ee_store.o
 .text.EE_Store_Init
                0x080043a0       0x44 ./Core/Src/ee_store.o
                0x080043a0                EE_Store_Init
 .text.EE_Store_IsPresent
                0x080043e4        0xc ./Core/Src/ee_store.o
                0x080043e4                EE_Store_IsPresent
 .text.EE_Store_ReadHeader
                0x080043f0       0x26 ./Core/Src/ee_store.o
                0x080043f0                EE_Store_ReadHeader
 .text.ee_write_header
                0x08004416       0x1c ./Core/Src/ee_store.o
 *fill*         0x08004432        0x2 
 .text.EE_Store_Format
                0x08004434       0x24 ./Core/Src/ee_store.o
                0x08004434                EE_Store_Format
 .text.slot_addr
                0x08004458        0x8 ./Core/Src/ee_store.o
 .text.EE_Store_Append
                0x08004460       0x84 ./Core/Src/ee_store.o
                0x08004460                EE_Store_Append
 .text.EE_Store_ReadRecord
                0x080044e4       0x40 ./Core/Src/ee_store.o
                0x080044e4                EE_Store_ReadRecord
 .text.HX711_Init
                0x08004524       0x24 ./Core/Src/hx711.o
                0x08004524                HX711_Init
 .text.HX711_ReadRawSafe
                0x08004548      0x11c ./Core/Src/hx711.o
                0x08004548                HX711_ReadRawSafe
 .text.median_i32
                0x08004664       0x3c ./Core/Src/hx711.o
 .text.HX711_ReadRawAveraged
                0x080046a0       0xd4 ./Core/Src/hx711.o
                0x080046a0                HX711_ReadRawAveraged
 .text.HX711_ReadGrams
                0x08004774       0x30 ./Core/Src/hx711.o
                0x08004774                HX711_ReadGrams
 .text.HX711_ReadMillilitres
                0x080047a4        0x8 ./Core/Src/hx711.o
                0x080047a4                HX711_ReadMillilitres
 .text.HX711_Tare
                0x080047ac       0x74 ./Core/Src/hx711.o
                0x080047ac                HX711_Tare
 .text.HX711_Calibrate
                0x08004820       0x60 ./Core/Src/hx711.o
                0x08004820                HX711_Calibrate
 .text.HX711_SetScaleX100
                0x08004880        0xe ./Core/Src/hx711.o
                0x08004880                HX711_SetScaleX100
 .text.HX711_PowerDown
                0x0800488e       0x16 ./Core/Src/hx711.o
                0x0800488e                HX711_PowerDown
 .text.HX711_PowerUp
                0x080048a4       0x16 ./Core/Src/hx711.o
                0x080048a4                HX711_PowerUp
 *fill*         0x080048ba        0x2 
 .text.main     0x080048bc       0x60 ./Core/Src/main.o
                0x080048bc                main
 .text.SystemClock_Config
                0x0800491c       0xb4 ./Core/Src/main.o
                0x0800491c                SystemClock_Config
 .text.MX_ADC1_Init
                0x080049d0       0xd8 ./Core/Src/main.o
 .text.MX_I2C1_Init
                0x08004aa8       0x80 ./Core/Src/main.o
 .text.MX_TIM1_Init
                0x08004b28      0x19c ./Core/Src/main.o
 .text.MX_TIM3_Init
                0x08004cc4      0x104 ./Core/Src/main.o
 .text.MX_USART1_UART_Init
                0x08004dc8       0x9c ./Core/Src/main.o
 .text.MX_DMA_Init
                0x08004e64       0x3c ./Core/Src/main.o
 .text.MX_GPIO_Init
                0x08004ea0      0x140 ./Core/Src/main.o
 .text.HAL_GPIO_EXTI_Rising_Callback
                0x08004fe0       0x44 ./Core/Src/main.o
                0x08004fe0                HAL_GPIO_EXTI_Rising_Callback
 .text.HAL_GPIO_EXTI_Falling_Callback
                0x08005024       0x32 ./Core/Src/main.o
                0x08005024                HAL_GPIO_EXTI_Falling_Callback
 *fill*         0x08005056        0x2 
 .text.HAL_UART_RxCpltCallback
                0x08005058       0x24 ./Core/Src/main.o
                0x08005058                HAL_UART_RxCpltCallback
 .text.Error_Handler
                0x0800507c        0xc ./Core/Src/main.o
                0x0800507c                Error_Handler
 .text.NTC_ReadADC
                0x08005088       0x58 ./Core/Src/ntc_temp.o
 .text.NTC_Init
                0x080050e0        0xc ./Core/Src/ntc_temp.o
                0x080050e0                NTC_Init
 .text.NTC_SetOffset
                0x080050ec        0x4 ./Core/Src/ntc_temp.o
                0x080050ec                NTC_SetOffset
 .text.NTC_ReadTemp_x10_Raw
                0x080050f0       0xf4 ./Core/Src/ntc_temp.o
                0x080050f0                NTC_ReadTemp_x10_Raw
 .text.NTC_ReadTemp_x10
                0x080051e4       0x10 ./Core/Src/ntc_temp.o
                0x080051e4                NTC_ReadTemp_x10
 .text.Power_Init
                0x080051f4       0x4c ./Core/Src/power_manager.o
                0x080051f4                Power_Init
 .text.Power_NoteActivity
                0x08005240       0x10 ./Core/Src/power_manager.o
                0x08005240                Power_NoteActivity
 .text.Power_RequestSleep
                0x08005250        0xc ./Core/Src/power_manager.o
                0x08005250                Power_RequestSleep
 .text.Power_SleepRequested
                0x0800525c        0xc ./Core/Src/power_manager.o
                0x0800525c                Power_SleepRequested
 .text.Power_IdleTimedOut
                0x08005268       0x20 ./Core/Src/power_manager.o
                0x08005268                Power_IdleTimedOut
 .text.Power_MotionISR
                0x08005288       0x2c ./Core/Src/power_manager.o
                0x08005288                Power_MotionISR
 .text.Power_WakeISR
                0x080052b4       0x1c ./Core/Src/power_manager.o
                0x080052b4                Power_WakeISR
 .text.Power_ClearMotionLatch
                0x080052d0       0x40 ./Core/Src/power_manager.o
 .text.Power_EnterSleep
                0x08005310       0xf4 ./Core/Src/power_manager.o
                0x08005310                Power_EnterSleep
 .text.BCD2DEC  0x08005404       0x12 ./Core/Src/rtc_manager.o
 .text.DEC2BCD  0x08005416       0x1a ./Core/Src/rtc_manager.o
 .text.PCF_ReadRegs
                0x08005430       0x32 ./Core/Src/rtc_manager.o
 .text.PCF_WriteRegs
                0x08005462       0x2e ./Core/Src/rtc_manager.o
 .text.RTC_Init
                0x08005490       0x70 ./Core/Src/rtc_manager.o
                0x08005490                RTC_Init
 .text.RTC_Read
                0x08005500       0x7e ./Core/Src/rtc_manager.o
                0x08005500                RTC_Read
 .text.RTC_Write
                0x0800557e       0x5a ./Core/Src/rtc_manager.o
                0x0800557e                RTC_Write
 .text.RTC_SetFromUnix
                0x080055d8      0x148 ./Core/Src/rtc_manager.o
                0x080055d8                RTC_SetFromUnix
 .text.RTC_TickISR
                0x08005720        0xc ./Core/Src/rtc_manager.o
                0x08005720                RTC_TickISR
 .text.RTC_PopTick
                0x0800572c       0x10 ./Core/Src/rtc_manager.o
                0x0800572c                RTC_PopTick
 .text.RTC_ClearTimerFlag
                0x0800573c       0x14 ./Core/Src/rtc_manager.o
                0x0800573c                RTC_ClearTimerFlag
 .text.RTC_ToUnix
                0x08005750       0xa0 ./Core/Src/rtc_manager.o
                0x08005750                RTC_ToUnix
 .text.RTC_IsInWindow
                0x080057f0       0x26 ./Core/Src/rtc_manager.o
                0x080057f0                RTC_IsInWindow
 *fill*         0x08005816        0x2 
 .text.HAL_MspInit
                0x08005818       0x48 ./Core/Src/stm32g0xx_hal_msp.o
                0x08005818                HAL_MspInit
 .text.HAL_ADC_MspInit
                0x08005860       0x88 ./Core/Src/stm32g0xx_hal_msp.o
                0x08005860                HAL_ADC_MspInit
 .text.HAL_I2C_MspInit
                0x080058e8       0xc4 ./Core/Src/stm32g0xx_hal_msp.o
                0x080058e8                HAL_I2C_MspInit
 .text.HAL_I2C_MspDeInit
                0x080059ac       0x4c ./Core/Src/stm32g0xx_hal_msp.o
                0x080059ac                HAL_I2C_MspDeInit
 .text.HAL_TIM_Base_MspInit
                0x080059f8       0xc8 ./Core/Src/stm32g0xx_hal_msp.o
                0x080059f8                HAL_TIM_Base_MspInit
 .text.HAL_TIM_MspPostInit
                0x08005ac0       0xd4 ./Core/Src/stm32g0xx_hal_msp.o
                0x08005ac0                HAL_TIM_MspPostInit
 .text.HAL_UART_MspInit
                0x08005b94       0xd4 ./Core/Src/stm32g0xx_hal_msp.o
                0x08005b94                HAL_UART_MspInit
 .text.NMI_Handler
                0x08005c68        0x8 ./Core/Src/stm32g0xx_it.o
                0x08005c68                NMI_Handler
 .text.HardFault_Handler
                0x08005c70        0x8 ./Core/Src/stm32g0xx_it.o
                0x08005c70                HardFault_Handler
 .text.SVC_Handler
                0x08005c78        0xa ./Core/Src/stm32g0xx_it.o
                0x08005c78                SVC_Handler
 .text.PendSV_Handler
                0x08005c82        0xa ./Core/Src/stm32g0xx_it.o
                0x08005c82                PendSV_Handler
 .text.SysTick_Handler
                0x08005c8c        0xe ./Core/Src/stm32g0xx_it.o
                0x08005c8c                SysTick_Handler
 .text.EXTI0_1_IRQHandler
                0x08005c9a       0x10 ./Core/Src/stm32g0xx_it.o
                0x08005c9a                EXTI0_1_IRQHandler
 .text.EXTI2_3_IRQHandler
                0x08005caa       0x10 ./Core/Src/stm32g0xx_it.o
                0x08005caa                EXTI2_3_IRQHandler
 .text.EXTI4_15_IRQHandler
                0x08005cba       0x1e ./Core/Src/stm32g0xx_it.o
                0x08005cba                EXTI4_15_IRQHandler
 .text.USART1_IRQHandler
                0x08005cd8       0x18 ./Core/Src/stm32g0xx_it.o
                0x08005cd8                USART1_IRQHandler
 .text.DMA1_Channel1_IRQHandler
                0x08005cf0       0x18 ./Core/Src/stm32g0xx_it.o
                0x08005cf0                DMA1_Channel1_IRQHandler
 .text.SystemInit
                0x08005d08        0xa ./Core/Src/system_stm32g0xx.o
                0x08005d08                SystemInit
 *fill*         0x08005d12        0x2 
 .text.TDS_CalRecompute
                0x08005d14       0x3c ./Core/Src/tds_sensor.o
 .text.TDS_ReadADC
                0x08005d50       0x4c ./Core/Src/tds_sensor.o
 .text.TDS_MeasureMV
                0x08005d9c       0x84 ./Core/Src/tds_sensor.o
 .text.TDS_Init
                0x08005e20       0x16 ./Core/Src/tds_sensor.o
                0x08005e20                TDS_Init
 *fill*         0x08005e36        0x2 
 .text.TDS_ReadPPM
                0x08005e38      0x14c ./Core/Src/tds_sensor.o
                0x08005e38                TDS_ReadPPM
 .text.TDS_CalCaptureLow
                0x08005f84       0x24 ./Core/Src/tds_sensor.o
                0x08005f84                TDS_CalCaptureLow
 .text.TDS_CalCaptureHigh
                0x08005fa8       0x24 ./Core/Src/tds_sensor.o
                0x08005fa8                TDS_CalCaptureHigh
 .text.TDS_CalSet
                0x08005fcc       0x28 ./Core/Src/tds_sensor.o
                0x08005fcc                TDS_CalSet
 .text.TDS_CalGet
                0x08005ff4       0x3c ./Core/Src/tds_sensor.o
                0x08005ff4                TDS_CalGet
 .text.TDS_CalIsValid
                0x08006030        0xc ./Core/Src/tds_sensor.o
                0x08006030                TDS_CalIsValid
 .text.TDS_GetLastMV
                0x0800603c        0xc ./Core/Src/tds_sensor.o
                0x0800603c                TDS_GetLastMV
 .text.WS2812B_ReconfigTimer
                0x08006048       0x24 ./Core/Src/ws2812b.o
 .text.WS2812B_Pack
                0x0800606c       0x80 ./Core/Src/ws2812b.o
 .text.WS2812B_Init
                0x080060ec       0x5c ./Core/Src/ws2812b.o
                0x080060ec                WS2812B_Init
 .text.WS2812B_Send
                0x08006148       0x3c ./Core/Src/ws2812b.o
                0x08006148                WS2812B_Send
 .text.WS2812B_SendBlocking
                0x08006184       0x1c ./Core/Src/ws2812b.o
                0x08006184                WS2812B_SendBlocking
 .text.WS2812B_DMAComplete_Callback
                0x080061a0       0x1c ./Core/Src/ws2812b.o
                0x080061a0                WS2812B_DMAComplete_Callback
 .text.HAL_TIM_PWM_PulseFinishedCallback
                0x080061bc       0x14 ./Core/Src/ws2812b.o
                0x080061bc                HAL_TIM_PWM_PulseFinishedCallback
 .text.HAL_TIM_PWM_PulseFinishedHalfCpltCallback
                0x080061d0        0x2 ./Core/Src/ws2812b.o
                0x080061d0                HAL_TIM_PWM_PulseFinishedHalfCpltCallback
 *fill*         0x080061d2        0x2 
 .text.WS2812B_SetAll
                0x080061d4       0x7c ./Core/Src/ws2812b.o
                0x080061d4                WS2812B_SetAll
 .text.WS2812B_SetPixel
                0x08006250       0x48 ./Core/Src/ws2812b.o
                0x08006250                WS2812B_SetPixel
 .text.WS2812B_SetPattern
                0x08006298       0x48 ./Core/Src/ws2812b.o
                0x08006298                WS2812B_SetPattern
 .text.WS2812B_SetLampColor
                0x080062e0       0x14 ./Core/Src/ws2812b.o
                0x080062e0                WS2812B_SetLampColor
 .text.WS2812B_SetCustomReminderColor
                0x080062f4       0x14 ./Core/Src/ws2812b.o
                0x080062f4                WS2812B_SetCustomReminderColor
 .text.WS2812B_SetChargingLevel
                0x08006308       0x1c ./Core/Src/ws2812b.o
                0x08006308                WS2812B_SetChargingLevel
 .text.SendIfDirty
                0x08006324       0x20 ./Core/Src/ws2812b.o
 .text.WS2812B_Update
                0x08006344      0x3d0 ./Core/Src/ws2812b.o
                0x08006344                WS2812B_Update
 .text.Reset_Handler
                0x08006714       0x50 ./Core/Startup/startup_stm32g070kbtx.o
                0x08006714                Reset_Handler
 .text.Default_Handler
                0x08006764        0x2 ./Core/Startup/startup_stm32g070kbtx.o
                0x08006764                TIM1_CC_IRQHandler
                0x08006764                TIM6_IRQHandler
                0x08006764                I2C1_IRQHandler
                0x08006764                RTC_TAMP_IRQHandler
                0x08006764                SPI1_IRQHandler
                0x08006764                USART3_4_IRQHandler
                0x08006764                ADC1_IRQHandler
                0x08006764                I2C2_IRQHandler
                0x08006764                TIM17_IRQHandler
                0x08006764                TIM16_IRQHandler
                0x08006764                TIM3_IRQHandler
                0x08006764                RCC_IRQHandler
                0x08006764                Default_Handler
                0x08006764                TIM14_IRQHandler
                0x08006764                TIM7_IRQHandler
                0x08006764                TIM15_IRQHandler
                0x08006764                SPI2_IRQHandler
                0x08006764                WWDG_IRQHandler
                0x08006764                DMA1_Ch4_7_DMAMUX1_OVR_IRQHandler
                0x08006764                DMA1_Channel2_3_IRQHandler
                0x08006764                USART2_IRQHandler
                0x08006764                FLASH_IRQHandler
                0x08006764                TIM1_BRK_UP_TRG_COM_IRQHandler
 *fill*         0x08006766        0x2 
 .text.HAL_Init
                0x08006768       0x40 ./Drivers/STM32G0xx_HAL_Driver/Src/stm32g0xx_hal.o
                0x08006768                HAL_Init
 .text.HAL_InitTick
                0x080067a8       0x94 ./Drivers/STM32G0xx_HAL_Driver/Src/stm32g0xx_hal.o
                0x080067a8                HAL_InitTick
 .text.HAL_IncTick
                0x0800683c       0x24 ./Drivers/STM32G0xx_HAL_Driver/Src/stm32g0xx_hal.o
                0x0800683c                HAL_IncTick
 .text.HAL_GetTick
                0x08006860       0x14 ./Drivers/STM32G0xx_HAL_Driver/Src/stm32g0xx_hal.o
                0x08006860                HAL_GetTick
 .text.HAL_Delay
                0x08006874       0x48 ./Drivers/STM32G0xx_HAL_Driver/Src/stm32g0xx_hal.o
                0x08006874                HAL_Delay
 .text.HAL_SuspendTick
                0x080068bc       0x1c ./Drivers/STM32G0xx_HAL_Driver/Src/stm32g0xx_hal.o
                0x080068bc                HAL_SuspendTick
 .text.HAL_ResumeTick
                0x080068d8       0x1c ./Drivers/STM32G0xx_HAL_Driver/Src/stm32g0xx_hal.o
                0x080068d8                HAL_ResumeTick
 .text.LL_ADC_SetCommonPathInternalCh
                0x080068f4       0x28 ./Drivers/STM32G0xx_HAL_Driver/Src/stm32g0xx_hal_adc.o
 .text.LL_ADC_GetCommonPathInternalCh
                0x0800691c       0x1a ./Drivers/STM32G0xx_HAL_Driver/Src/stm32g0xx_hal_adc.o
 .text.LL_ADC_SetSamplingTimeCommonChannels
                0x08006936       0x3a ./Drivers/STM32G0xx_HAL_Driver/Src/stm32g0xx_hal_adc.o
 .text.LL_ADC_GetSamplingTimeCommonChannels
                0x08006970       0x2e ./Drivers/STM32G0xx_HAL_Driver/Src/stm32g0xx_hal_adc.o
 .text.LL_ADC_REG_IsTriggerSourceSWStart
                0x0800699e       0x22 ./Drivers/STM32G0xx_HAL_Driver/Src/stm32g0xx_hal_adc.o
 .text.LL_ADC_REG_SetSequencerRanks
                0x080069c0       0x40 ./Drivers/STM32G0xx_HAL_Driver/Src/stm32g0xx_hal_adc.o
 .text.LL_ADC_REG_SetSequencerChAdd
                0x08006a00       0x22 ./Drivers/STM32G0xx_HAL_Driver/Src/stm32g0xx_hal_adc.o
 .text.LL_ADC_REG_SetSequencerChRem
                0x08006a22       0x24 ./Drivers/STM32G0xx_HAL_Driver/Src/stm32g0xx_hal_adc.o
 *fill*         0x08006a46        0x2 
 .text.LL_ADC_SetChannelSamplingTime
                0x08006a48       0x38 ./Drivers/STM32G0xx_HAL_Driver/Src/stm32g0xx_hal_adc.o
 .text.LL_ADC_EnableInternalRegulator
                0x08006a80       0x28 ./Drivers/STM32G0xx_HAL_Driver/Src/stm32g0xx_hal_adc.o
 .text.LL_ADC_IsInternalRegulatorEnabled
                0x08006aa8       0x28 ./Drivers/STM32G0xx_HAL_Driver/Src/stm32g0xx_hal_adc.o
 .text.LL_ADC_Enable
                0x08006ad0       0x24 ./Drivers/STM32G0xx_HAL_Driver/Src/stm32g0xx_hal_adc.o
 .text.LL_ADC_Disable
                0x08006af4       0x24 ./Drivers/STM32G0xx_HAL_Driver/Src/stm32g0xx_hal_adc.o
 .text.LL_ADC_IsEnabled
                0x08006b18       0x22 ./Drivers/STM32G0xx_HAL_Driver/Src/stm32g0xx_hal_adc.o
 .text.LL_ADC_IsDisableOngoing
                0x08006b3a       0x22 ./Drivers/STM32G0xx_HAL_Driver/Src/stm32g0xx_hal_adc.o
 .text.LL_ADC_REG_StartConversion
                0x08006b5c       0x24 ./Drivers/STM32G0xx_HAL_Driver/Src/stm32g0xx_hal_adc.o
 .text.LL_ADC_REG_StopConversion
                0x08006b80       0x24 ./Drivers/STM32G0xx_HAL_Driver/Src/stm32g0xx_hal_adc.o
 .text.LL_ADC_REG_IsConversionOngoing
                0x08006ba4       0x22 ./Drivers/STM32G0xx_HAL_Driver/Src/stm32g0xx_hal_adc.o
 *fill*         0x08006bc6        0x2 
 .text.HAL_ADC_Init
                0x08006bc8      0x350 ./Drivers/STM32G0xx_HAL_Driver/Src/stm32g0xx_hal_adc.o
                0x08006bc8                HAL_ADC_Init
 .text.HAL_ADC_Start
                0x08006f18       0x9c ./Drivers/STM32G0xx_HAL_Driver/Src/stm32g0xx_hal_adc.o
                0x08006f18                HAL_ADC_Start
 .text.HAL_ADC_Stop
                0x08006fb4       0x78 ./Drivers/STM32G0xx_HAL_Driver/Src/stm32g0xx_hal_adc.o
                0x08006fb4                HAL_ADC_Stop
 .text.HAL_ADC_PollForConversion
                0x0800702c      0x128 ./Drivers/STM32G0xx_HAL_Driver/Src/stm32g0xx_hal_adc.o
                0x0800702c                HAL_ADC_PollForConversion
 .text.HAL_ADC_GetValue
                0x08007154       0x16 ./Drivers/STM32G0xx_HAL_Driver/Src/stm32g0xx_hal_adc.o
                0x08007154                HAL_ADC_GetValue
 *fill*         0x0800716a        0x2 
 .text.HAL_ADC_ConfigChannel
                0x0800716c      0x3b0 ./Drivers/STM32G0xx_HAL_Driver/Src/stm32g0xx_hal_adc.o
                0x0800716c                HAL_ADC_ConfigChannel
 .text.ADC_ConversionStop
                0x0800751c       0x84 ./Drivers/STM32G0xx_HAL_Driver/Src/stm32g0xx_hal_adc.o
                0x0800751c                ADC_ConversionStop
 .text.ADC_Enable
                0x080075a0      0x10c ./Drivers/STM32G0xx_HAL_Driver/Src/stm32g0xx_hal_adc.o
                0x080075a0                ADC_Enable
 .text.ADC_Disable
                0x080076ac       0xbc ./Drivers/STM32G0xx_HAL_Driver/Src/stm32g0xx_hal_adc.o
                0x080076ac                ADC_Disable
 .text.LL_ADC_GetCommonClock
                0x08007768       0x1a ./Drivers/STM32G0xx_HAL_Driver/Src/stm32g0xx_hal_adc_ex.o
 .text.LL_ADC_GetClock
                0x08007782       0x18 ./Drivers/STM32G0xx_HAL_Driver/Src/stm32g0xx_hal_adc_ex.o
 .text.LL_ADC_SetCalibrationFactor
                0x0800779a       0x28 ./Drivers/STM32G0xx_HAL_Driver/Src/stm32g0xx_hal_adc_ex.o
 .text.LL_ADC_GetCalibrationFactor
                0x080077c2       0x1a ./Drivers/STM32G0xx_HAL_Driver/Src/stm32g0xx_hal_adc_ex.o
 .text.LL_ADC_Enable
                0x080077dc       0x24 ./Drivers/STM32G0xx_HAL_Driver/Src/stm32g0xx_hal_adc_ex.o
 .text.LL_ADC_Disable
                0x08007800       0x24 ./Drivers/STM32G0xx_HAL_Driver/Src/stm32g0xx_hal_adc_ex.o
 .text.LL_ADC_IsEnabled
                0x08007824       0x22 ./Drivers/STM32G0xx_HAL_Driver/Src/stm32g0xx_hal_adc_ex.o
 *fill*         0x08007846        0x2 
 .text.LL_ADC_StartCalibration
                0x08007848       0x28 ./Drivers/STM32G0xx_HAL_Driver/Src/stm32g0xx_hal_adc_ex.o
 .text.LL_ADC_IsCalibrationOnGoing
                0x08007870       0x26 ./Drivers/STM32G0xx_HAL_Driver/Src/stm32g0xx_hal_adc_ex.o
 *fill*         0x08007896        0x2 
 .text.HAL_ADCEx_Calibration_Start
                0x08007898      0x20c ./Drivers/STM32G0xx_HAL_Driver/Src/stm32g0xx_hal_adc_ex.o
                0x08007898                HAL_ADCEx_Calibration_Start
 .text.__NVIC_EnableIRQ
                0x08007aa4       0x34 ./Drivers/STM32G0xx_HAL_Driver/Src/stm32g0xx_hal_cortex.o
 .text.__NVIC_SetPriority
                0x08007ad8       0xdc ./Drivers/STM32G0xx_HAL_Driver/Src/stm32g0xx_hal_cortex.o
 .text.__NVIC_SystemReset
                0x08007bb4       0x24 ./Drivers/STM32G0xx_HAL_Driver/Src/stm32g0xx_hal_cortex.o
 .text.SysTick_Config
                0x08007bd8       0x48 ./Drivers/STM32G0xx_HAL_Driver/Src/stm32g0xx_hal_cortex.o
 .text.HAL_NVIC_SetPriority
                0x08007c20       0x2a ./Drivers/STM32G0xx_HAL_Driver/Src/stm32g0xx_hal_cortex.o
                0x08007c20                HAL_NVIC_SetPriority
 .text.HAL_NVIC_EnableIRQ
                0x08007c4a       0x20 ./Drivers/STM32G0xx_HAL_Driver/Src/stm32g0xx_hal_cortex.o
                0x08007c4a                HAL_NVIC_EnableIRQ
 .text.HAL_NVIC_SystemReset
                0x08007c6a        0x8 ./Drivers/STM32G0xx_HAL_Driver/Src/stm32g0xx_hal_cortex.o
                0x08007c6a                HAL_NVIC_SystemReset
 .text.HAL_SYSTICK_Config
                0x08007c72       0x1a ./Drivers/STM32G0xx_HAL_Driver/Src/stm32g0xx_hal_cortex.o
                0x08007c72                HAL_SYSTICK_Config
 .text.HAL_DMA_Init
                0x08007c8c      0x114 ./Drivers/STM32G0xx_HAL_Driver/Src/stm32g0xx_hal_dma.o
                0x08007c8c                HAL_DMA_Init
 .text.HAL_DMA_Start_IT
                0x08007da0      0x10c ./Drivers/STM32G0xx_HAL_Driver/Src/stm32g0xx_hal_dma.o
                0x08007da0                HAL_DMA_Start_IT
 .text.HAL_DMA_Abort
                0x08007eac       0xc4 ./Drivers/STM32G0xx_HAL_Driver/Src/stm32g0xx_hal_dma.o
                0x08007eac                HAL_DMA_Abort
 .text.HAL_DMA_Abort_IT
                0x08007f70       0xd4 ./Drivers/STM32G0xx_HAL_Driver/Src/stm32g0xx_hal_dma.o
                0x08007f70                HAL_DMA_Abort_IT
 .text.HAL_DMA_IRQHandler
                0x08008044      0x164 ./Drivers/STM32G0xx_HAL_Driver/Src/stm32g0xx_hal_dma.o
                0x08008044                HAL_DMA_IRQHandler
 .text.HAL_DMA_GetError
                0x080081a8       0x14 ./Drivers/STM32G0xx_HAL_Driver/Src/stm32g0xx_hal_dma.o
                0x080081a8                HAL_DMA_GetError
 .text.DMA_SetConfig
                0x080081bc       0x80 ./Drivers/STM32G0xx_HAL_Driver/Src/stm32g0xx_hal_dma.o
 .text.DMA_CalcDMAMUXChannelBaseAndMask
                0x0800823c       0x58 ./Drivers/STM32G0xx_HAL_Driver/Src/stm32g0xx_hal_dma.o
 .text.DMA_CalcDMAMUXRequestGenBaseAndMask
                0x08008294       0x48 ./Drivers/STM32G0xx_HAL_Driver/Src/stm32g0xx_hal_dma.o
 .text.HAL_FLASH_Program
                0x080082dc       0x9c ./Drivers/STM32G0xx_HAL_Driver/Src/stm32g0xx_hal_flash.o
                0x080082dc                HAL_FLASH_Program
 .text.HAL_FLASH_Unlock
                0x08008378       0x48 ./Drivers/STM32G0xx_HAL_Driver/Src/stm32g0xx_hal_flash.o
                0x08008378                HAL_FLASH_Unlock
 .text.HAL_FLASH_Lock
                0x080083c0       0x44 ./Drivers/STM32G0xx_HAL_Driver/Src/stm32g0xx_hal_flash.o
                0x080083c0                HAL_FLASH_Lock
 .text.FLASH_WaitForLastOperation
                0x08008404       0x9c ./Drivers/STM32G0xx_HAL_Driver/Src/stm32g0xx_hal_flash.o
                0x08008404                FLASH_WaitForLastOperation
 .text.FLASH_Program_DoubleWord
                0x080084a0       0x40 ./Drivers/STM32G0xx_HAL_Driver/Src/stm32g0xx_hal_flash.o
 .text.HAL_FLASHEx_Erase
                0x080084e0       0xe8 ./Drivers/STM32G0xx_HAL_Driver/Src/stm32g0xx_hal_flash_ex.o
                0x080084e0                HAL_FLASHEx_Erase
 .text.FLASH_MassErase
                0x080085c8       0x28 ./Drivers/STM32G0xx_HAL_Driver/Src/stm32g0xx_hal_flash_ex.o
 .text.FLASH_PageErase
                0x080085f0       0x38 ./Drivers/STM32G0xx_HAL_Driver/Src/stm32g0xx_hal_flash_ex.o
                0x080085f0                FLASH_PageErase
 .text.HAL_GPIO_Init
                0x08008628      0x2c8 ./Drivers/STM32G0xx_HAL_Driver/Src/stm32g0xx_hal_gpio.o
                0x08008628                HAL_GPIO_Init
 .text.HAL_GPIO_DeInit
                0x080088f0      0x1a0 ./Drivers/STM32G0xx_HAL_Driver/Src/stm32g0xx_hal_gpio.o
                0x080088f0                HAL_GPIO_DeInit
 .text.HAL_GPIO_ReadPin
                0x08008a90       0x3a ./Drivers/STM32G0xx_HAL_Driver/Src/stm32g0xx_hal_gpio.o
                0x08008a90                HAL_GPIO_ReadPin
 .text.HAL_GPIO_WritePin
                0x08008aca       0x3a ./Drivers/STM32G0xx_HAL_Driver/Src/stm32g0xx_hal_gpio.o
                0x08008aca                HAL_GPIO_WritePin
 .text.HAL_GPIO_EXTI_IRQHandler
                0x08008b04       0x54 ./Drivers/STM32G0xx_HAL_Driver/Src/stm32g0xx_hal_gpio.o
                0x08008b04                HAL_GPIO_EXTI_IRQHandler
 .text.HAL_I2C_Init
                0x08008b58      0x14c ./Drivers/STM32G0xx_HAL_Driver/Src/stm32g0xx_hal_i2c.o
                0x08008b58                HAL_I2C_Init
 .text.HAL_I2C_DeInit
                0x08008ca4       0x60 ./Drivers/STM32G0xx_HAL_Driver/Src/stm32g0xx_hal_i2c.o
                0x08008ca4                HAL_I2C_DeInit
 .text.HAL_I2C_Master_Transmit
                0x08008d04      0x254 ./Drivers/STM32G0xx_HAL_Driver/Src/stm32g0xx_hal_i2c.o
                0x08008d04                HAL_I2C_Master_Transmit
 .text.HAL_I2C_Master_Receive
                0x08008f58      0x210 ./Drivers/STM32G0xx_HAL_Driver/Src/stm32g0xx_hal_i2c.o
                0x08008f58                HAL_I2C_Master_Receive
 .text.HAL_I2C_Mem_Write
                0x08009168      0x25c ./Drivers/STM32G0xx_HAL_Driver/Src/stm32g0xx_hal_i2c.o
                0x08009168                HAL_I2C_Mem_Write
 .text.HAL_I2C_Mem_Read
                0x080093c4      0x268 ./Drivers/STM32G0xx_HAL_Driver/Src/stm32g0xx_hal_i2c.o
                0x080093c4                HAL_I2C_Mem_Read
 .text.HAL_I2C_IsDeviceReady
                0x0800962c      0x208 ./Drivers/STM32G0xx_HAL_Driver/Src/stm32g0xx_hal_i2c.o
                0x0800962c                HAL_I2C_IsDeviceReady
 .text.I2C_RequestMemoryWrite
                0x08009834       0xc8 ./Drivers/STM32G0xx_HAL_Driver/Src/stm32g0xx_hal_i2c.o
 .text.I2C_RequestMemoryRead
                0x080098fc       0xc4 ./Drivers/STM32G0xx_HAL_Driver/Src/stm32g0xx_hal_i2c.o
 .text.I2C_Flush_TXDR
                0x080099c0       0x44 ./Drivers/STM32G0xx_HAL_Driver/Src/stm32g0xx_hal_i2c.o
 .text.I2C_WaitOnFlagUntilTimeout
                0x08009a04       0xb0 ./Drivers/STM32G0xx_HAL_Driver/Src/stm32g0xx_hal_i2c.o
 .text.I2C_WaitOnTXISFlagUntilTimeout
                0x08009ab4       0x8c ./Drivers/STM32G0xx_HAL_Driver/Src/stm32g0xx_hal_i2c.o
 .text.I2C_WaitOnSTOPFlagUntilTimeout
                0x08009b40       0x86 ./Drivers/STM32G0xx_HAL_Driver/Src/stm32g0xx_hal_i2c.o
 *fill*         0x08009bc6        0x2 
 .text.I2C_WaitOnRXNEFlagUntilTimeout
                0x08009bc8      0x13c ./Drivers/STM32G0xx_HAL_Driver/Src/stm32g0xx_hal_i2c.o
 .text.I2C_IsErrorOccurred
                0x08009d04      0x1f0 ./Drivers/STM32G0xx_HAL_Driver/Src/stm32g0xx_hal_i2c.o
 .text.I2C_TransferConfig
                0x08009ef4       0x74 ./Drivers/STM32G0xx_HAL_Driver/Src/stm32g0xx_hal_i2c.o
 .text.HAL_I2CEx_ConfigAnalogFilter
                0x08009f68       0x98 ./Drivers/STM32G0xx_HAL_Driver/Src/stm32g0xx_hal_i2c_ex.o
                0x08009f68                HAL_I2CEx_ConfigAnalogFilter
 .text.HAL_I2CEx_ConfigDigitalFilter
                0x0800a000       0x98 ./Drivers/STM32G0xx_HAL_Driver/Src/stm32g0xx_hal_i2c_ex.o
                0x0800a000                HAL_I2CEx_ConfigDigitalFilter
 .text.HAL_PWR_EnterSTOPMode
                0x0800a098       0x70 ./Drivers/STM32G0xx_HAL_Driver/Src/stm32g0xx_hal_pwr.o
                0x0800a098                HAL_PWR_EnterSTOPMode
 .text.HAL_PWREx_ControlVoltageScaling
                0x0800a108       0x80 ./Drivers/STM32G0xx_HAL_Driver/Src/stm32g0xx_hal_pwr_ex.o
                0x0800a108                HAL_PWREx_ControlVoltageScaling
 .text.LL_RCC_GetAPB1Prescaler
                0x0800a188       0x18 ./Drivers/STM32G0xx_HAL_Driver/Src/stm32g0xx_hal_rcc.o
 .text.HAL_RCC_OscConfig
                0x0800a1a0      0x620 ./Drivers/STM32G0xx_HAL_Driver/Src/stm32g0xx_hal_rcc.o
                0x0800a1a0                HAL_RCC_OscConfig
 .text.HAL_RCC_ClockConfig
                0x0800a7c0      0x210 ./Drivers/STM32G0xx_HAL_Driver/Src/stm32g0xx_hal_rcc.o
                0x0800a7c0                HAL_RCC_ClockConfig
 .text.HAL_RCC_GetSysClockFreq
                0x0800a9d0      0x104 ./Drivers/STM32G0xx_HAL_Driver/Src/stm32g0xx_hal_rcc.o
                0x0800a9d0                HAL_RCC_GetSysClockFreq
 .text.HAL_RCC_GetHCLKFreq
                0x0800aad4       0x14 ./Drivers/STM32G0xx_HAL_Driver/Src/stm32g0xx_hal_rcc.o
                0x0800aad4                HAL_RCC_GetHCLKFreq
 .text.HAL_RCC_GetPCLK1Freq
                0x0800aae8       0x2c ./Drivers/STM32G0xx_HAL_Driver/Src/stm32g0xx_hal_rcc.o
                0x0800aae8                HAL_RCC_GetPCLK1Freq
 .text.HAL_RCCEx_PeriphCLKConfig
                0x0800ab14      0x268 ./Drivers/STM32G0xx_HAL_Driver/Src/stm32g0xx_hal_rcc_ex.o
                0x0800ab14                HAL_RCCEx_PeriphCLKConfig
 .text.HAL_TIM_Base_Init
                0x0800ad7c       0xb0 ./Drivers/STM32G0xx_HAL_Driver/Src/stm32g0xx_hal_tim.o
                0x0800ad7c                HAL_TIM_Base_Init
 .text.HAL_TIM_OC_Init
                0x0800ae2c       0xb0 ./Drivers/STM32G0xx_HAL_Driver/Src/stm32g0xx_hal_tim.o
                0x0800ae2c                HAL_TIM_OC_Init
 .text.HAL_TIM_OC_MspInit
                0x0800aedc       0x10 ./Drivers/STM32G0xx_HAL_Driver/Src/stm32g0xx_hal_tim.o
                0x0800aedc                HAL_TIM_OC_MspInit
 .text.HAL_TIM_PWM_Start
                0x0800aeec      0x1c8 ./Drivers/STM32G0xx_HAL_Driver/Src/stm32g0xx_hal_tim.o
                0x0800aeec                HAL_TIM_PWM_Start
 .text.HAL_TIM_PWM_Stop
                0x0800b0b4      0x118 ./Drivers/STM32G0xx_HAL_Driver/Src/stm32g0xx_hal_tim.o
                0x0800b0b4                HAL_TIM_PWM_Stop
 .text.HAL_TIM_PWM_Start_DMA
                0x0800b1cc      0x3f4 ./Drivers/STM32G0xx_HAL_Driver/Src/stm32g0xx_hal_tim.o
                0x0800b1cc                HAL_TIM_PWM_Start_DMA
 .text.HAL_TIM_PWM_Stop_DMA
                0x0800b5c0      0x1e0 ./Drivers/STM32G0xx_HAL_Driver/Src/stm32g0xx_hal_tim.o
                0x0800b5c0                HAL_TIM_PWM_Stop_DMA
 .text.HAL_TIM_OC_ConfigChannel
                0x0800b7a0       0xc0 ./Drivers/STM32G0xx_HAL_Driver/Src/stm32g0xx_hal_tim.o
                0x0800b7a0                HAL_TIM_OC_ConfigChannel
 .text.HAL_TIM_SlaveConfigSynchro
                0x0800b860       0x8c ./Drivers/STM32G0xx_HAL_Driver/Src/stm32g0xx_hal_tim.o
                0x0800b860                HAL_TIM_SlaveConfigSynchro
 .text.HAL_TIM_ErrorCallback
                0x0800b8ec       0x10 ./Drivers/STM32G0xx_HAL_Driver/Src/stm32g0xx_hal_tim.o
                0x0800b8ec                HAL_TIM_ErrorCallback
 .text.TIM_DMAError
                0x0800b8fc       0x94 ./Drivers/STM32G0xx_HAL_Driver/Src/stm32g0xx_hal_tim.o
                0x0800b8fc                TIM_DMAError
 .text.TIM_DMADelayPulseCplt
                0x0800b990       0xaa ./Drivers/STM32G0xx_HAL_Driver/Src/stm32g0xx_hal_tim.o
 .text.TIM_DMADelayPulseHalfCplt
                0x0800ba3a       0x6a ./Drivers/STM32G0xx_HAL_Driver/Src/stm32g0xx_hal_tim.o
                0x0800ba3a                TIM_DMADelayPulseHalfCplt
 .text.TIM_Base_SetConfig
                0x0800baa4      0x100 ./Drivers/STM32G0xx_HAL_Driver/Src/stm32g0xx_hal_tim.o
                0x0800baa4                TIM_Base_SetConfig
 .text.TIM_OC1_SetConfig
                0x0800bba4      0x118 ./Drivers/STM32G0xx_HAL_Driver/Src/stm32g0xx_hal_tim.o
 .text.TIM_OC2_SetConfig
                0x0800bcbc      0x110 ./Drivers/STM32G0xx_HAL_Driver/Src/stm32g0xx_hal_tim.o
                0x0800bcbc                TIM_OC2_SetConfig
 .text.TIM_OC3_SetConfig
                0x0800bdcc      0x114 ./Drivers/STM32G0xx_HAL_Driver/Src/stm32g0xx_hal_tim.o
 .text.TIM_OC4_SetConfig
                0x0800bee0       0xd4 ./Drivers/STM32G0xx_HAL_Driver/Src/stm32g0xx_hal_tim.o
 .text.TIM_OC5_SetConfig
                0x0800bfb4       0xc0 ./Drivers/STM32G0xx_HAL_Driver/Src/stm32g0xx_hal_tim.o
 .text.TIM_OC6_SetConfig
                0x0800c074       0xc8 ./Drivers/STM32G0xx_HAL_Driver/Src/stm32g0xx_hal_tim.o
 .text.TIM_SlaveTimer_SetConfig
                0x0800c13c      0x12c ./Drivers/STM32G0xx_HAL_Driver/Src/stm32g0xx_hal_tim.o
 .text.TIM_TI1_ConfigInputStage
                0x0800c268       0x9c ./Drivers/STM32G0xx_HAL_Driver/Src/stm32g0xx_hal_tim.o
 .text.TIM_TI2_ConfigInputStage
                0x0800c304       0x7c ./Drivers/STM32G0xx_HAL_Driver/Src/stm32g0xx_hal_tim.o
 .text.TIM_ETR_SetConfig
                0x0800c380       0x40 ./Drivers/STM32G0xx_HAL_Driver/Src/stm32g0xx_hal_tim.o
                0x0800c380                TIM_ETR_SetConfig
 .text.TIM_CCxChannelCmd
                0x0800c3c0       0x46 ./Drivers/STM32G0xx_HAL_Driver/Src/stm32g0xx_hal_tim.o
                0x0800c3c0                TIM_CCxChannelCmd
 *fill*         0x0800c406        0x2 
 .text.HAL_TIMEx_MasterConfigSynchronization
                0x0800c408       0xd0 ./Drivers/STM32G0xx_HAL_Driver/Src/stm32g0xx_hal_tim_ex.o
                0x0800c408                HAL_TIMEx_MasterConfigSynchronization
 .text.HAL_TIMEx_ConfigBreakDeadTime
                0x0800c4d8      0x138 ./Drivers/STM32G0xx_HAL_Driver/Src/stm32g0xx_hal_tim_ex.o
                0x0800c4d8                HAL_TIMEx_ConfigBreakDeadTime
 .text.HAL_UART_Init
                0x0800c610       0xac ./Drivers/STM32G0xx_HAL_Driver/Src/stm32g0xx_hal_uart.o
                0x0800c610                HAL_UART_Init
 .text.HAL_UART_Receive_IT
                0x0800c6bc       0xae ./Drivers/STM32G0xx_HAL_Driver/Src/stm32g0xx_hal_uart.o
                0x0800c6bc                HAL_UART_Receive_IT
 *fill*         0x0800c76a        0x2 
 .text.HAL_UART_AbortReceive
                0x0800c76c      0x160 ./Drivers/STM32G0xx_HAL_Driver/Src/stm32g0xx_hal_uart.o
                0x0800c76c                HAL_UART_AbortReceive
 .text.HAL_UART_IRQHandler
                0x0800c8cc      0x68c ./Drivers/STM32G0xx_HAL_Driver/Src/stm32g0xx_hal_uart.o
                0x0800c8cc                HAL_UART_IRQHandler
 .text.HAL_UART_TxCpltCallback
                0x0800cf58       0x10 ./Drivers/STM32G0xx_HAL_Driver/Src/stm32g0xx_hal_uart.o
                0x0800cf58                HAL_UART_TxCpltCallback
 .text.HAL_UART_ErrorCallback
                0x0800cf68       0x10 ./Drivers/STM32G0xx_HAL_Driver/Src/stm32g0xx_hal_uart.o
                0x0800cf68                HAL_UART_ErrorCallback
 .text.HAL_UARTEx_RxEventCallback
                0x0800cf78       0x16 ./Drivers/STM32G0xx_HAL_Driver/Src/stm32g0xx_hal_uart.o
                0x0800cf78                HAL_UARTEx_RxEventCallback
 *fill*         0x0800cf8e        0x2 
 .text.UART_SetConfig
                0x0800cf90      0x348 ./Drivers/STM32G0xx_HAL_Driver/Src/stm32g0xx_hal_uart.o
                0x0800cf90                UART_SetConfig
 .text.UART_AdvFeatureConfig
                0x0800d2d8      0x168 ./Drivers/STM32G0xx_HAL_Driver/Src/stm32g0xx_hal_uart.o
                0x0800d2d8                UART_AdvFeatureConfig
 .text.UART_CheckIdleState
                0x0800d440      0x154 ./Drivers/STM32G0xx_HAL_Driver/Src/stm32g0xx_hal_uart.o
                0x0800d440                UART_CheckIdleState
 .text.UART_WaitOnFlagUntilTimeout
                0x0800d594       0xde ./Drivers/STM32G0xx_HAL_Driver/Src/stm32g0xx_hal_uart.o
                0x0800d594                UART_WaitOnFlagUntilTimeout
 *fill*         0x0800d672        0x2 
 .text.UART_Start_Receive_IT
                0x0800d674      0x248 ./Drivers/STM32G0xx_HAL_Driver/Src/stm32g0xx_hal_uart.o
                0x0800d674                UART_Start_Receive_IT
 .text.UART_EndRxTransfer
                0x0800d8bc       0xcc ./Drivers/STM32G0xx_HAL_Driver/Src/stm32g0xx_hal_uart.o
 .text.UART_DMAAbortOnError
                0x0800d988       0x1e ./Drivers/STM32G0xx_HAL_Driver/Src/stm32g0xx_hal_uart.o
 .text.UART_EndTransmit_IT
                0x0800d9a6       0x58 ./Drivers/STM32G0xx_HAL_Driver/Src/stm32g0xx_hal_uart.o
 *fill*         0x0800d9fe        0x2 
 .text.UART_RxISR_8BIT
                0x0800da00      0x1b8 ./Drivers/STM32G0xx_HAL_Driver/Src/stm32g0xx_hal_uart.o
 .text.UART_RxISR_16BIT
                0x0800dbb8      0x1b8 ./Drivers/STM32G0xx_HAL_Driver/Src/stm32g0xx_hal_uart.o
 .text.UART_RxISR_8BIT_FIFOEN
                0x0800dd70      0x334 ./Drivers/STM32G0xx_HAL_Driver/Src/stm32g0xx_hal_uart.o
 .text.UART_RxISR_16BIT_FIFOEN
                0x0800e0a4      0x34c ./Drivers/STM32G0xx_HAL_Driver/Src/stm32g0xx_hal_uart.o
 .text.HAL_UARTEx_WakeupCallback
                0x0800e3f0       0x10 ./Drivers/STM32G0xx_HAL_Driver/Src/stm32g0xx_hal_uart_ex.o
                0x0800e3f0                HAL_UARTEx_WakeupCallback
 .text.HAL_UARTEx_RxFifoFullCallback
                0x0800e400       0x10 ./Drivers/STM32G0xx_HAL_Driver/Src/stm32g0xx_hal_uart_ex.o
                0x0800e400                HAL_UARTEx_RxFifoFullCallback
 .text.HAL_UARTEx_TxFifoEmptyCallback
                0x0800e410       0x10 ./Drivers/STM32G0xx_HAL_Driver/Src/stm32g0xx_hal_uart_ex.o
                0x0800e410                HAL_UARTEx_TxFifoEmptyCallback
 .text.HAL_UARTEx_DisableFifoMode
                0x0800e420       0x74 ./Drivers/STM32G0xx_HAL_Driver/Src/stm32g0xx_hal_uart_ex.o
                0x0800e420                HAL_UARTEx_DisableFifoMode
 .text.HAL_UARTEx_SetTxFifoThreshold
                0x0800e494       0x7e ./Drivers/STM32G0xx_HAL_Driver/Src/stm32g0xx_hal_uart_ex.o
                0x0800e494                HAL_UARTEx_SetTxFifoThreshold
 *fill*         0x0800e512        0x2 
 .text.HAL_UARTEx_SetRxFifoThreshold
                0x0800e514       0x84 ./Drivers/STM32G0xx_HAL_Driver/Src/stm32g0xx_hal_uart_ex.o
                0x0800e514                HAL_UARTEx_SetRxFifoThreshold
 .text.UARTEx_SetNbDataToProcess
                0x0800e598       0xbc ./Drivers/STM32G0xx_HAL_Driver/Src/stm32g0xx_hal_uart_ex.o
 .text.memmove  0x0800e654       0x24 C:/ST/STM32CubeIDE_1.19.0/STM32CubeIDE/plugins/com.st.stm32cube.ide.mcu.externaltools.gnu-tools-for-stm32.13.3.rel1.win32_1.0.0.202411081344/tools/bin/../lib/gcc/arm-none-eabi/13.3.1/../../../../arm-none-eabi/lib/thumb/v6-m/nofp\libc_nano.a(libc_a-memmove.o)
                0x0800e654                memmove
 .text.memset   0x0800e678       0x10 C:/ST/STM32CubeIDE_1.19.0/STM32CubeIDE/plugins/com.st.stm32cube.ide.mcu.externaltools.gnu-tools-for-stm32.13.3.rel1.win32_1.0.0.202411081344/tools/bin/../lib/gcc/arm-none-eabi/13.3.1/../../../../arm-none-eabi/lib/thumb/v6-m/nofp\libc_nano.a(libc_a-memset.o)
                0x0800e678                memset
 .text.__libc_init_array
                0x0800e688       0x48 C:/ST/STM32CubeIDE_1.19.0/STM32CubeIDE/plugins/com.st.stm32cube.ide.mcu.externaltools.gnu-tools-for-stm32.13.3.rel1.win32_1.0.0.202411081344/tools/bin/../lib/gcc/arm-none-eabi/13.3.1/../../../../arm-none-eabi/lib/thumb/v6-m/nofp\libc_nano.a(libc_a-init.o)
                0x0800e688                __libc_init_array
 .text.memcpy   0x0800e6d0       0x12 C:/ST/STM32CubeIDE_1.19.0/STM32CubeIDE/plugins/com.st.stm32cube.ide.mcu.externaltools.gnu-tools-for-stm32.13.3.rel1.win32_1.0.0.202411081344/tools/bin/../lib/gcc/arm-none-eabi/13.3.1/../../../../arm-none-eabi/lib/thumb/v6-m/nofp\libc_nano.a(libc_a-memcpy-stub.o)
                0x0800e6d0                memcpy
 *(.glue_7)
 .glue_7        0x0800e6e2        0x0 linker stubs
 *(.glue_7t)
 .glue_7t       0x0800e6e2        0x0 linker stubs
 *(.eh_frame)
 *fill*         0x0800e6e2        0x2 
 .eh_frame      0x0800e6e4        0x0 C:/ST/STM32CubeIDE_1.19.0/STM32CubeIDE/plugins/com.st.stm32cube.ide.mcu.externaltools.gnu-tools-for-stm32.13.3.rel1.win32_1.0.0.202411081344/tools/bin/../lib/gcc/arm-none-eabi/13.3.1/thumb/v6-m/nofp/crtbegin.o
 *(.init)
 .init          0x0800e6e4        0x4 C:/ST/STM32CubeIDE_1.19.0/STM32CubeIDE/plugins/com.st.stm32cube.ide.mcu.externaltools.gnu-tools-for-stm32.13.3.rel1.win32_1.0.0.202411081344/tools/bin/../lib/gcc/arm-none-eabi/13.3.1/thumb/v6-m/nofp/crti.o
                0x0800e6e4                _init
 .init          0x0800e6e8        0x8 C:/ST/STM32CubeIDE_1.19.0/STM32CubeIDE/plugins/com.st.stm32cube.ide.mcu.externaltools.gnu-tools-for-stm32.13.3.rel1.win32_1.0.0.202411081344/tools/bin/../lib/gcc/arm-none-eabi/13.3.1/thumb/v6-m/nofp/crtn.o
 *(.fini)
 .fini          0x0800e6f0        0x4 C:/ST/STM32CubeIDE_1.19.0/STM32CubeIDE/plugins/com.st.stm32cube.ide.mcu.externaltools.gnu-tools-for-stm32.13.3.rel1.win32_1.0.0.202411081344/tools/bin/../lib/gcc/arm-none-eabi/13.3.1/thumb/v6-m/nofp/crti.o
                0x0800e6f0                _fini
 .fini          0x0800e6f4        0x8 C:/ST/STM32CubeIDE_1.19.0/STM32CubeIDE/plugins/com.st.stm32cube.ide.mcu.externaltools.gnu-tools-for-stm32.13.3.rel1.win32_1.0.0.202411081344/tools/bin/../lib/gcc/arm-none-eabi/13.3.1/thumb/v6-m/nofp/crtn.o
 *fill*         0x0800e6fc        0x4 
 .fini.__stub   0x0800e700       0x10 linker stubs
                0x0800e710                        . = ALIGN (0x4)
                0x0800e710                        _etext = .

.vfp11_veneer   0x0800e710        0x0
 .vfp11_veneer  0x0800e710        0x0 linker stubs

.v4_bx          0x0800e710        0x0
 .v4_bx         0x0800e710        0x0 linker stubs

.iplt           0x0800e710        0x0
 .iplt          0x0800e710        0x0 C:/ST/STM32CubeIDE_1.19.0/STM32CubeIDE/plugins/com.st.stm32cube.ide.mcu.externaltools.gnu-tools-for-stm32.13.3.rel1.win32_1.0.0.202411081344/tools/bin/../lib/gcc/arm-none-eabi/13.3.1/thumb/v6-m/nofp/crtbegin.o

.rodata         0x0800e710      0x6e4
                0x0800e710                        . = ALIGN (0x4)
 *(.rodata)
 *(.rodata*)
 .rodata.S_OK   0x0800e710        0x5 ./Core/Src/app_logic.o
 *fill*         0x0800e715        0x3 
 .rodata.S_ERR  0x0800e718        0x6 ./Core/Src/app_logic.o
 .rodata.App_HandleStringCommand.str1.1
                0x0800e71e      0x46d ./Core/Src/app_logic.o
                                0x49b (size before relaxing)
 *fill*         0x0800eb8b        0x1 
 .rodata.solids.2
                0x0800eb8c       0x36 ./Core/Src/app_logic.o
 *fill*         0x0800ebc2        0x2 
 .rodata.map.1  0x0800ebc4        0xf ./Core/Src/app_logic.o
 *fill*         0x0800ebd3        0x1 
 .rodata.buz_map.0
                0x0800ebd4        0x9 ./Core/Src/app_logic.o
 *fill*         0x0800ebdd        0x3 
 .rodata.s_ocv_mv
                0x0800ebe0       0x16 ./Core/Src/battery.o
 *fill*         0x0800ebf6        0x2 
 .rodata.s_ocv_pct
                0x0800ebf8        0xb ./Core/Src/battery.o
 *fill*         0x0800ec03        0x1 
 .rodata.PATTERN_STARTUP
                0x0800ec04       0x12 ./Core/Src/buzzer.o
 *fill*         0x0800ec16        0x2 
 .rodata.PATTERN_DOUBLE_BEEP
                0x0800ec18       0x12 ./Core/Src/buzzer.o
 *fill*         0x0800ec2a        0x2 
 .rodata.PATTERN_SINGLE_BEEP
                0x0800ec2c        0xc ./Core/Src/buzzer.o
 .rodata.PATTERN_PURITY_ALERT
                0x0800ec38       0x12 ./Core/Src/buzzer.o
 *fill*         0x0800ec4a        0x2 
 .rodata.PATTERN_SYNC_OK
                0x0800ec4c       0x12 ./Core/Src/buzzer.o
 *fill*         0x0800ec5e        0x2 
 .rodata.PATTERN_LOW_BAT
                0x0800ec60        0xc ./Core/Src/buzzer.o
 .rodata.PATTERN_FACTORY_RESET
                0x0800ec6c        0xc ./Core/Src/buzzer.o
 .rodata.PATTERN_CALIB_DONE
                0x0800ec78       0x12 ./Core/Src/buzzer.o
 *fill*         0x0800ec8a        0x2 
 .rodata.PATTERN_ERROR
                0x0800ec8c        0xc ./Core/Src/buzzer.o
 .rodata.PATTERN_REG_OK
                0x0800ec98       0x12 ./Core/Src/buzzer.o
 *fill*         0x0800ecaa        0x2 
 .rodata.s_patterns
                0x0800ecac       0x30 ./Core/Src/buzzer.o
 .rodata.s_ntc_lut
                0x0800ecdc       0x24 ./Core/Src/ntc_temp.o
 .rodata.s_days_in_month
                0x0800ed00        0xc ./Core/Src/rtc_manager.o
 .rodata.AHBPrescTable
                0x0800ed0c       0x40 ./Core/Src/system_stm32g0xx.o
                0x0800ed0c                AHBPrescTable
 .rodata.APBPrescTable
                0x0800ed4c       0x20 ./Core/Src/system_stm32g0xx.o
                0x0800ed4c                APBPrescTable
 .rodata.wave_lut.0
                0x0800ed6c        0xa ./Core/Src/ws2812b.o
 *fill*         0x0800ed76        0x2 
 .rodata.HAL_TIM_OC_ConfigChannel
                0x0800ed78       0x54 ./Drivers/STM32G0xx_HAL_Driver/Src/stm32g0xx_hal_tim.o
 .rodata.UARTPrescTable
                0x0800edcc       0x18 ./Drivers/STM32G0xx_HAL_Driver/Src/stm32g0xx_hal_uart.o
                0x0800edcc                UARTPrescTable
 .rodata.numerator.1
                0x0800ede4        0x8 ./Drivers/STM32G0xx_HAL_Driver/Src/stm32g0xx_hal_uart_ex.o
 .rodata.denominator.0
                0x0800edec        0x8 ./Drivers/STM32G0xx_HAL_Driver/Src/stm32g0xx_hal_uart_ex.o
                0x0800edf4                        . = ALIGN (0x4)

.ARM.extab      0x0800edf4        0x0
                0x0800edf4                        . = ALIGN (0x4)
 *(.ARM.extab* .gnu.linkonce.armextab.*)
                0x0800edf4                        . = ALIGN (0x4)

.ARM            0x0800edf4        0x8
                0x0800edf4                        . = ALIGN (0x4)
                0x0800edf4                        __exidx_start = .
 *(.ARM.exidx*)
 .ARM.exidx     0x0800edf4        0x8 C:/ST/STM32CubeIDE_1.19.0/STM32CubeIDE/plugins/com.st.stm32cube.ide.mcu.externaltools.gnu-tools-for-stm32.13.3.rel1.win32_1.0.0.202411081344/tools/bin/../lib/gcc/arm-none-eabi/13.3.1/thumb/v6-m/nofp\libgcc.a(_divdi3.o)
                0x0800edfc                        __exidx_end = .
                0x0800edfc                        . = ALIGN (0x4)

.preinit_array  0x0800edfc        0x0
                0x0800edfc                        . = ALIGN (0x4)
                0x0800edfc                        PROVIDE (__preinit_array_start = .)
 *(.preinit_array*)
                0x0800edfc                        PROVIDE (__preinit_array_end = .)
                0x0800edfc                        . = ALIGN (0x4)

.init_array     0x0800edfc        0x4
                0x0800edfc                        . = ALIGN (0x4)
                0x0800edfc                        PROVIDE (__init_array_start = .)
 *(SORT_BY_NAME(.init_array.*))
 *(.init_array*)
 .init_array    0x0800edfc        0x4 C:/ST/STM32CubeIDE_1.19.0/STM32CubeIDE/plugins/com.st.stm32cube.ide.mcu.externaltools.gnu-tools-for-stm32.13.3.rel1.win32_1.0.0.202411081344/tools/bin/../lib/gcc/arm-none-eabi/13.3.1/thumb/v6-m/nofp/crtbegin.o
                0x0800ee00                        PROVIDE (__init_array_end = .)
                0x0800ee00                        . = ALIGN (0x4)

.fini_array     0x0800ee00        0x4
                0x0800ee00                        . = ALIGN (0x4)
                [!provide]                        PROVIDE (__fini_array_start = .)
 *(SORT_BY_NAME(.fini_array.*))
 *(.fini_array*)
 .fini_array    0x0800ee00        0x4 C:/ST/STM32CubeIDE_1.19.0/STM32CubeIDE/plugins/com.st.stm32cube.ide.mcu.externaltools.gnu-tools-for-stm32.13.3.rel1.win32_1.0.0.202411081344/tools/bin/../lib/gcc/arm-none-eabi/13.3.1/thumb/v6-m/nofp/crtbegin.o
                [!provide]                        PROVIDE (__fini_array_end = .)
                0x0800ee04                        . = ALIGN (0x4)
                0x0800ee04                        _sidata = LOADADDR (.data)

.rel.dyn        0x0800ee04        0x0
 .rel.iplt      0x0800ee04        0x0 C:/ST/STM32CubeIDE_1.19.0/STM32CubeIDE/plugins/com.st.stm32cube.ide.mcu.externaltools.gnu-tools-for-stm32.13.3.rel1.win32_1.0.0.202411081344/tools/bin/../lib/gcc/arm-none-eabi/13.3.1/thumb/v6-m/nofp/crtbegin.o

.data           0x20000000       0xa0 load address 0x0800ee04
                0x20000000                        . = ALIGN (0x4)
                0x20000000                        _sdata = .
 *(.data)
 *(.data*)
 .data.s_ee_addr
                0x20000000        0x1 ./Core/Src/app_logic.o
 *fill*         0x20000001        0x3 
 .data.SystemCoreClock
                0x20000004        0x4 ./Core/Src/system_stm32g0xx.o
                0x20000004                SystemCoreClock
 .data.s_lamp_color
                0x20000008        0x3 ./Core/Src/ws2812b.o
 *fill*         0x2000000b        0x1 
 .data.s_custom_remind
                0x2000000c        0x3 ./Core/Src/ws2812b.o
 .data.s_dirty  0x2000000f        0x1 ./Core/Src/ws2812b.o
 .data.uwTickPrio
                0x20000010        0x4 ./Drivers/STM32G0xx_HAL_Driver/Src/stm32g0xx_hal.o
                0x20000010                uwTickPrio
 .data.uwTickFreq
                0x20000014        0x1 ./Drivers/STM32G0xx_HAL_Driver/Src/stm32g0xx_hal.o
                0x20000014                uwTickFreq
 *(.RamFunc)
 *fill*         0x20000015        0x3 
 .RamFunc       0x20000018       0x88 ./Drivers/STM32G0xx_HAL_Driver/Src/stm32g0xx_hal_flash.o
 *(.RamFunc*)
                0x200000a0                        . = ALIGN (0x4)
                0x200000a0                        _edata = .

.igot.plt       0x200000a0        0x0 load address 0x0800eea4
 .igot.plt      0x200000a0        0x0 C:/ST/STM32CubeIDE_1.19.0/STM32CubeIDE/plugins/com.st.stm32cube.ide.mcu.externaltools.gnu-tools-for-stm32.13.3.rel1.win32_1.0.0.202411081344/tools/bin/../lib/gcc/arm-none-eabi/13.3.1/thumb/v6-m/nofp/crtbegin.o
                0x200000a0                        . = ALIGN (0x4)

.bss            0x200000a0      0x8d4 load address 0x0800eea4
                0x200000a0                        _sbss = .
                0x200000a0                        __bss_start__ = _sbss
 *(.bss)
 .bss           0x200000a0       0x1c C:/ST/STM32CubeIDE_1.19.0/STM32CubeIDE/plugins/com.st.stm32cube.ide.mcu.externaltools.gnu-tools-for-stm32.13.3.rel1.win32_1.0.0.202411081344/tools/bin/../lib/gcc/arm-none-eabi/13.3.1/thumb/v6-m/nofp/crtbegin.o
 *(.bss*)
 .bss.s_app_i2c
                0x200000bc        0x4 ./Core/Src/app_logic.o
 .bss.s_hx711   0x200000c0       0x10 ./Core/Src/app_logic.o
 .bss.s_tds     0x200000d0        0x8 ./Core/Src/app_logic.o
 .bss.s_ntc     0x200000d8        0xc ./Core/Src/app_logic.o
 .bss.s_bat     0x200000e4        0xc ./Core/Src/app_logic.o
 .bss.s_imu     0x200000f0        0xc ./Core/Src/app_logic.o
 .bss.s_ble     0x200000fc       0x4c ./Core/Src/app_logic.o
 .bss.s_rtc     0x20000148       0x14 ./Core/Src/app_logic.o
 .bss.s_dev     0x2000015c       0x18 ./Core/Src/app_logic.o
 .bss.s_settings
                0x20000174       0x58 ./Core/Src/app_logic.o
 .bss.s_drink_log
                0x200001cc       0x94 ./Core/Src/app_logic.o
 .bss.s_current_weight_ml
                0x20000260        0x4 ./Core/Src/app_logic.o
 .bss.s_current_tds_ppm
                0x20000264        0x2 ./Core/Src/app_logic.o
 .bss.s_current_temp_x10
                0x20000266        0x2 ./Core/Src/app_logic.o
 .bss.s_current_bat_pct
                0x20000268        0x1 ./Core/Src/app_logic.o
 *fill*         0x20000269        0x3 
 .bss.s_last_weight_ms
                0x2000026c        0x4 ./Core/Src/app_logic.o
 .bss.s_last_tds_ms
                0x20000270        0x4 ./Core/Src/app_logic.o
 .bss.s_last_temp_ms
                0x20000274        0x4 ./Core/Src/app_logic.o
 .bss.s_last_battery_ms
                0x20000278        0x4 ./Core/Src/app_logic.o
 .bss.s_last_ble_poll_ms
                0x2000027c        0x4 ./Core/Src/app_logic.o
 .bss.s_last_reminder_ms
                0x20000280        0x4 ./Core/Src/app_logic.o
 .bss.s_last_button_ms
                0x20000284        0x4 ./Core/Src/app_logic.o
 .bss.s_last_reminder_unix
                0x20000288        0x4 ./Core/Src/app_logic.o
 .bss.s_btn_was_down
                0x2000028c        0x1 ./Core/Src/app_logic.o
 *fill*         0x2000028d        0x3 
 .bss.s_btn_down_ms
                0x20000290        0x4 ./Core/Src/app_logic.o
 .bss.s_btn_reset_armed
                0x20000294        0x1 ./Core/Src/app_logic.o
 .bss.s_weight_seeded
                0x20000295        0x1 ./Core/Src/app_logic.o
 *fill*         0x20000296        0x2 
 .bss.s_drink_baseline_ml
                0x20000298        0x4 ./Core/Src/app_logic.o
 .bss.s_last_stable_w_ml
                0x2000029c        0x4 ./Core/Src/app_logic.o
 .bss.s_stable_since_ms
                0x200002a0        0x4 ./Core/Src/app_logic.o
 .bss.s_consumed_today_ml
                0x200002a4        0x2 ./Core/Src/app_logic.o
 .bss.s_hydration_score
                0x200002a6        0x1 ./Core/Src/app_logic.o
 *fill*         0x200002a7        0x1 
 .bss.s_current_day_unix
                0x200002a8        0x4 ./Core/Src/app_logic.o
 .bss.s_purity_alert_active
                0x200002ac        0x1 ./Core/Src/app_logic.o
 .bss.s_temp_alert_active
                0x200002ad        0x1 ./Core/Src/app_logic.o
 .bss.s_ble_link_edge
                0x200002ae        0x1 ./Core/Src/app_logic.o
 .bss.s_ble_was_connected
                0x200002af        0x1 ./Core/Src/app_logic.o
 .bss.s_ee_prev_weight_ml
                0x200002b0        0x4 ./Core/Src/app_logic.o
 .bss.s_ee_prev_valid
                0x200002b4        0x1 ./Core/Src/app_logic.o
 *fill*         0x200002b5        0x3 
 .bss.s_daily   0x200002b8      0x16c ./Core/Src/app_logic.o
 .bss.s_last_sync_unix
                0x20000424        0x4 ./Core/Src/app_logic.o
 .bss.s_tz_offset_min
                0x20000428        0x2 ./Core/Src/app_logic.o
 *fill*         0x2000042a        0x2 
 .bss.s_freset_at_ms
                0x2000042c        0x4 ./Core/Src/app_logic.o
 .bss.s_err_log
                0x20000430       0x30 ./Core/Src/app_logic.o
 .bss.s_err_count
                0x20000460        0x1 ./Core/Src/app_logic.o
 .bss.s_err_head
                0x20000461        0x1 ./Core/Src/app_logic.o
 .bss.s_hx711_fault
                0x20000462        0x1 ./Core/Src/app_logic.o
 .bss.s_tds_fault
                0x20000463        0x1 ./Core/Src/app_logic.o
 .bss.s_ntc_fault
                0x20000464        0x1 ./Core/Src/app_logic.o
 .bss.s_btn_pending_single
                0x20000465        0x1 ./Core/Src/app_logic.o
 *fill*         0x20000466        0x2 
 .bss.s_btn_last_release_ms
                0x20000468        0x4 ./Core/Src/app_logic.o
 .bss.s_htim    0x2000046c        0x4 ./Core/Src/buzzer.o
 .bss.s_steps   0x20000470        0x4 ./Core/Src/buzzer.o
 .bss.s_step_idx
                0x20000474        0x1 ./Core/Src/buzzer.o
 .bss.s_rep_cnt
                0x20000475        0x1 ./Core/Src/buzzer.o
 *fill*         0x20000476        0x2 
 .bss.s_step_start_ms
                0x20000478        0x4 ./Core/Src/buzzer.o
 .bss.s_tone_on
                0x2000047c        0x1 ./Core/Src/buzzer.o
 .bss.s_busy    0x2000047d        0x1 ./Core/Src/buzzer.o
 *fill*         0x2000047e        0x2 
 .bss.s_hi2c    0x20000480        0x4 ./Core/Src/ee_store.o
 .bss.s_present
                0x20000484        0x1 ./Core/Src/ee_store.o
 *fill*         0x20000485        0x3 
 .bss.hadc1     0x20000488       0x64 ./Core/Src/main.o
                0x20000488                hadc1
 .bss.hi2c1     0x200004ec       0x54 ./Core/Src/main.o
                0x200004ec                hi2c1
 .bss.htim1     0x20000540       0x4c ./Core/Src/main.o
                0x20000540                htim1
 .bss.htim3     0x2000058c       0x4c ./Core/Src/main.o
                0x2000058c                htim3
 .bss.huart1    0x200005d8       0x94 ./Core/Src/main.o
                0x200005d8                huart1
 .bss.hdma_tim1_ch1
                0x2000066c       0x5c ./Core/Src/main.o
                0x2000066c                hdma_tim1_ch1
 .bss.s_imu     0x200006c8        0x4 ./Core/Src/power_manager.o
 .bss.s_hx      0x200006cc        0x4 ./Core/Src/power_manager.o
 .bss.s_rtc     0x200006d0        0x4 ./Core/Src/power_manager.o
 .bss.s_ble     0x200006d4        0x4 ./Core/Src/power_manager.o
 .bss.s_wake_flag
                0x200006d8        0x1 ./Core/Src/power_manager.o
 .bss.s_sleep_request
                0x200006d9        0x1 ./Core/Src/power_manager.o
 .bss.s_asleep  0x200006da        0x1 ./Core/Src/power_manager.o
 *fill*         0x200006db        0x1 
 .bss.s_last_active_ms
                0x200006dc        0x4 ./Core/Src/power_manager.o
 .bss.s_cal_mv_lo
                0x200006e0        0x4 ./Core/Src/tds_sensor.o
 .bss.s_cal_mv_hi
                0x200006e4        0x4 ./Core/Src/tds_sensor.o
 .bss.s_cal_ppm_lo
                0x200006e8        0x2 ./Core/Src/tds_sensor.o
 .bss.s_cal_ppm_hi
                0x200006ea        0x2 ./Core/Src/tds_sensor.o
 .bss.s_cal_valid
                0x200006ec        0x1 ./Core/Src/tds_sensor.o
 *fill*         0x200006ed        0x1 
 .bss.s_last_mv
                0x200006ee        0x2 ./Core/Src/tds_sensor.o
 .bss.ws2812b_dma_buf
                0x200006f0      0x230 ./Core/Src/ws2812b.o
 .bss.s_leds    0x20000920       0x1e ./Core/Src/ws2812b.o
 *fill*         0x2000093e        0x2 
 .bss.s_htim    0x20000940        0x4 ./Core/Src/ws2812b.o
 .bss.ws2812b_busy
                0x20000944        0x1 ./Core/Src/ws2812b.o
                0x20000944                ws2812b_busy
 .bss.s_pattern
                0x20000945        0x1 ./Core/Src/ws2812b.o
 *fill*         0x20000946        0x2 
 .bss.s_pattern_tick
                0x20000948        0x4 ./Core/Src/ws2812b.o
 .bss.s_blink_tick
                0x2000094c        0x4 ./Core/Src/ws2812b.o
 .bss.s_sweep_pos
                0x20000950        0x1 ./Core/Src/ws2812b.o
 .bss.s_wave_pos
                0x20000951        0x1 ./Core/Src/ws2812b.o
 .bss.s_charge_pct
                0x20000952        0x1 ./Core/Src/ws2812b.o
 *fill*         0x20000953        0x1 
 .bss.uwTick    0x20000954        0x4 ./Drivers/STM32G0xx_HAL_Driver/Src/stm32g0xx_hal.o
                0x20000954                uwTick
 .bss.pFlash    0x20000958       0x1c ./Drivers/STM32G0xx_HAL_Driver/Src/stm32g0xx_hal_flash.o
                0x20000958                pFlash
 *(COMMON)
                0x20000974                        . = ALIGN (0x4)
                0x20000974                        _ebss = .
                0x20000974                        __bss_end__ = _ebss

._user_heap_stack
                0x20000974      0x604 load address 0x0800eea4
                0x20000978                        . = ALIGN (0x8)
 *fill*         0x20000974        0x4 
                [!provide]                        PROVIDE (end = .)
                0x20000978                        PROVIDE (_end = .)
                0x20000b78                        . = (. + _Min_Heap_Size)
 *fill*         0x20000978      0x200 
                0x20000f78                        . = (. + _Min_Stack_Size)
 *fill*         0x20000b78      0x400 
                0x20000f78                        . = ALIGN (0x8)

/DISCARD/
 libc.a(*)
 libm.a(*)
 libgcc.a(*)

.ARM.attributes
                0x00000000       0x28
 *(.ARM.attributes)
 .ARM.attributes
                0x00000000       0x1e C:/ST/STM32CubeIDE_1.19.0/STM32CubeIDE/plugins/com.st.stm32cube.ide.mcu.externaltools.gnu-tools-for-stm32.13.3.rel1.win32_1.0.0.202411081344/tools/bin/../lib/gcc/arm-none-eabi/13.3.1/thumb/v6-m/nofp/crti.o
 .ARM.attributes
                0x0000001e       0x2c C:/ST/STM32CubeIDE_1.19.0/STM32CubeIDE/plugins/com.st.stm32cube.ide.mcu.externaltools.gnu-tools-for-stm32.13.3.rel1.win32_1.0.0.202411081344/tools/bin/../lib/gcc/arm-none-eabi/13.3.1/thumb/v6-m/nofp/crtbegin.o
 .ARM.attributes
                0x0000004a       0x2c ./Core/Src/app_logic.o
 .ARM.attributes
                0x00000076       0x2c ./Core/Src/battery.o
 .ARM.attributes
                0x000000a2       0x2c ./Core/Src/ble_jdy29.o
 .ARM.attributes
                0x000000ce       0x2c ./Core/Src/ble_protocol.o
 .ARM.attributes
                0x000000fa       0x2c ./Core/Src/bma253.o
 .ARM.attributes
                0x00000126       0x2c ./Core/Src/buzzer.o
 .ARM.attributes
                0x00000152       0x2c ./Core/Src/data_storage.o
 .ARM.attributes
                0x0000017e       0x2c ./Core/Src/device_state.o
 .ARM.attributes
                0x000001aa       0x2c ./Core/Src/ee_store.o
 .ARM.attributes
                0x000001d6       0x2c ./Core/Src/hx711.o
 .ARM.attributes
                0x00000202       0x2c ./Core/Src/main.o
 .ARM.attributes
                0x0000022e       0x2c ./Core/Src/ntc_temp.o
 .ARM.attributes
                0x0000025a       0x2c ./Core/Src/power_manager.o
 .ARM.attributes
                0x00000286       0x2c ./Core/Src/rtc_manager.o
 .ARM.attributes
                0x000002b2       0x2c ./Core/Src/stm32g0xx_hal_msp.o
 .ARM.attributes
                0x000002de       0x2c ./Core/Src/stm32g0xx_it.o
 .ARM.attributes
                0x0000030a       0x2c ./Core/Src/system_stm32g0xx.o
 .ARM.attributes
                0x00000336       0x2c ./Core/Src/tds_sensor.o
 .ARM.attributes
                0x00000362       0x2c ./Core/Src/ws2812b.o
 .ARM.attributes
                0x0000038e       0x22 ./Core/Startup/startup_stm32g070kbtx.o
 .ARM.attributes
                0x000003b0       0x2c ./Drivers/STM32G0xx_HAL_Driver/Src/stm32g0xx_hal.o
 .ARM.attributes
                0x000003dc       0x2c ./Drivers/STM32G0xx_HAL_Driver/Src/stm32g0xx_hal_adc.o
 .ARM.attributes
                0x00000408       0x2c ./Drivers/STM32G0xx_HAL_Driver/Src/stm32g0xx_hal_adc_ex.o
 .ARM.attributes
                0x00000434       0x2c ./Drivers/STM32G0xx_HAL_Driver/Src/stm32g0xx_hal_cortex.o
 .ARM.attributes
                0x00000460       0x2c ./Drivers/STM32G0xx_HAL_Driver/Src/stm32g0xx_hal_dma.o
 .ARM.attributes
                0x0000048c       0x2c ./Drivers/STM32G0xx_HAL_Driver/Src/stm32g0xx_hal_flash.o
 .ARM.attributes
                0x000004b8       0x2c ./Drivers/STM32G0xx_HAL_Driver/Src/stm32g0xx_hal_flash_ex.o
 .ARM.attributes
                0x000004e4       0x2c ./Drivers/STM32G0xx_HAL_Driver/Src/stm32g0xx_hal_gpio.o
 .ARM.attributes
                0x00000510       0x2c ./Drivers/STM32G0xx_HAL_Driver/Src/stm32g0xx_hal_i2c.o
 .ARM.attributes
                0x0000053c       0x2c ./Drivers/STM32G0xx_HAL_Driver/Src/stm32g0xx_hal_i2c_ex.o
 .ARM.attributes
                0x00000568       0x2c ./Drivers/STM32G0xx_HAL_Driver/Src/stm32g0xx_hal_pwr.o
 .ARM.attributes
                0x00000594       0x2c ./Drivers/STM32G0xx_HAL_Driver/Src/stm32g0xx_hal_pwr_ex.o
 .ARM.attributes
                0x000005c0       0x2c ./Drivers/STM32G0xx_HAL_Driver/Src/stm32g0xx_hal_rcc.o
 .ARM.attributes
                0x000005ec       0x2c ./Drivers/STM32G0xx_HAL_Driver/Src/stm32g0xx_hal_rcc_ex.o
 .ARM.attributes
                0x00000618       0x2c ./Drivers/STM32G0xx_HAL_Driver/Src/stm32g0xx_hal_tim.o
 .ARM.attributes
                0x00000644       0x2c ./Drivers/STM32G0xx_HAL_Driver/Src/stm32g0xx_hal_tim_ex.o
 .ARM.attributes
                0x00000670       0x2c ./Drivers/STM32G0xx_HAL_Driver/Src/stm32g0xx_hal_uart.o
 .ARM.attributes
                0x0000069c       0x2c ./Drivers/STM32G0xx_HAL_Driver/Src/stm32g0xx_hal_uart_ex.o
 .ARM.attributes
                0x000006c8       0x2c C:/ST/STM32CubeIDE_1.19.0/STM32CubeIDE/plugins/com.st.stm32cube.ide.mcu.externaltools.gnu-tools-for-stm32.13.3.rel1.win32_1.0.0.202411081344/tools/bin/../lib/gcc/arm-none-eabi/13.3.1/../../../../arm-none-eabi/lib/thumb/v6-m/nofp\libc_nano.a(libc_a-memmove.o)
 .ARM.attributes
                0x000006f4       0x2c C:/ST/STM32CubeIDE_1.19.0/STM32CubeIDE/plugins/com.st.stm32cube.ide.mcu.externaltools.gnu-tools-for-stm32.13.3.rel1.win32_1.0.0.202411081344/tools/bin/../lib/gcc/arm-none-eabi/13.3.1/../../../../arm-none-eabi/lib/thumb/v6-m/nofp\libc_nano.a(libc_a-memset.o)
 .ARM.attributes
                0x00000720       0x2c C:/ST/STM32CubeIDE_1.19.0/STM32CubeIDE/plugins/com.st.stm32cube.ide.mcu.externaltools.gnu-tools-for-stm32.13.3.rel1.win32_1.0.0.202411081344/tools/bin/../lib/gcc/arm-none-eabi/13.3.1/../../../../arm-none-eabi/lib/thumb/v6-m/nofp\libc_nano.a(libc_a-init.o)
 .ARM.attributes
                0x0000074c       0x1c C:/ST/STM32CubeIDE_1.19.0/STM32CubeIDE/plugins/com.st.stm32cube.ide.mcu.externaltools.gnu-tools-for-stm32.13.3.rel1.win32_1.0.0.202411081344/tools/bin/../lib/gcc/arm-none-eabi/13.3.1/../../../../arm-none-eabi/lib/thumb/v6-m/nofp\libc_nano.a(libc_a-strcmp.o)
 .ARM.attributes
                0x00000768       0x2c C:/ST/STM32CubeIDE_1.19.0/STM32CubeIDE/plugins/com.st.stm32cube.ide.mcu.externaltools.gnu-tools-for-stm32.13.3.rel1.win32_1.0.0.202411081344/tools/bin/../lib/gcc/arm-none-eabi/13.3.1/../../../../arm-none-eabi/lib/thumb/v6-m/nofp\libc_nano.a(libc_a-memcpy-stub.o)
 .ARM.attributes