../Core/Src/ble_jdy29.c:29:6:BLE_Init	16	static
../Core/Src/ble_jdy29.c:43:6:BLE_StartReceive	8	static
../Core/Src/ble_jdy29.c:49:6:BLE_RxISR	16	static
../Core/Src/ble_jdy29.c:107:9:BLE_GetPacket	16	static
../Core/Src/ble_jdy29.c:117:13:BLE_TxRaw	16	static
../Core/Src/ble_jdy29.c:129:19:BLE_SendPacket	8	static
../Core/Src/ble_jdy29.c:137:9:BLE_GetLine	12	static
../Core/Src/ble_jdy29.c:151:6:BLE_IdleFlush	24	static
../Core/Src/ble_jdy29.c:161:19:BLE_SendStr	16	static
../Core/Src/ble_jdy29.c:167:19:BLE_SendBytes	8	static
../Core/Src/ble_jdy29.c:175:9:BLE_IsConnected	8	static
