../Core/Src/data_storage.c:11:26:Flash_ErasePage	32	static
../Core/Src/data_storage.c:25:26:Flash_WriteBytes	48	static
../Core/Src/data_storage.c:46:13:Flash_ReadBytes	8	static
../Core/Src/data_storage.c:52:10:Storage_CRC32	24	static
../Core/Src/data_storage.c:64:6:Storage_DefaultPrefs	0	static
../Core/Src/data_storage.c:78:6:Storage_Init	0	static
../Core/Src/data_storage.c:81:6:Storage_LoadSettings	8	static
../Core/Src/data_storage.c:94:6:Storage_SaveSettings	96	static
../Core/Src/data_storage.c:106:6:Storage_EraseSettings	8	static
../Core/Src/data_storage.c:112:6:Storage_AddDrinkEvent	16	static
../Core/Src/data_storage.c:124:6:Storage_FlushDrinkLog	16	static
../Core/Src/data_storage.c:133:6:Storage_LoadDrinkLog	8	static
../Core/Src/data_storage.c:140:6:Storage_MarkSynced	12	static
../Core/Src/data_storage.c:151:6:Storage_PurgeSyncedBefore	36	static
../Core/Src/data_storage.c:167:6:Storage_UpdateDailySummary	40	static
../Core/Src/data_storage.c:213:6:Storage_FlushDailySummary	16	static
../Core/Src/data_storage.c:222:6:Storage_LoadDailySummary	8	static
../Core/Src/data_storage.c:230:6:Storage_PurgeDailySummaryOlderThan	28	static
../Core/Src/data_storage.c:241:6:Storage_FactoryReset	8	static
