../Core/Src/hx711.c:25:6:HX711_Init	8	static
../Core/Src/hx711.c:36:9:HX711_IsReady	8	static
../Core/Src/hx711.c:41:9:HX711_ReadRawSafe	40	static,ignoring_inline_asm
../Core/Src/hx711.c:67:16:median_i32	20	static
../Core/Src/hx711.c:81:9:HX711_ReadRawAveraged	72	static
../Core/Src/hx711.c:111:9:HX711_ReadGrams	24	static
../Core/Src/hx711.c:121:9:HX711_ReadMillilitres	8	static
../Core/Src/hx711.c:126:6:HX711_Tare	48	static
../Core/Src/hx711.c:138:9:HX711_Calibrate	24	static
../Core/Src/hx711.c:157:6:HX711_SetScaleX100	0	static
../Core/Src/hx711.c:163:6:HX711_PowerDown	8	static
../Core/Src/hx711.c:164:6:HX711_PowerUp	8	static
