../Core/Src/tds_sensor.c:44:13:TDS_CalRecompute	0	static
../Core/Src/tds_sensor.c:52:17:TDS_ReadADC	32	static
../Core/Src/tds_sensor.c:79:17:TDS_MeasureMV	24	static
../Core/Src/tds_sensor.c:102:6:TDS_Init	8	static
../Core/Src/tds_sensor.c:110:10:TDS_ReadPPM	32	static
../Core/Src/tds_sensor.c:175:9:TDS_IsAboveThreshold	8	static
../Core/Src/tds_sensor.c:186:10:TDS_CalCaptureLow	8	static
../Core/Src/tds_sensor.c:198:10:TDS_CalCaptureHigh	8	static
../Core/Src/tds_sensor.c:211:6:TDS_CalSet	8	static
../Core/Src/tds_sensor.c:221:6:TDS_CalGet	8	static
../Core/Src/tds_sensor.c:229:9:TDS_CalIsValid	0	static
../Core/Src/tds_sensor.c:235:10:TDS_GetLastMV	0	static
