../Core/Src/ws2812b.c:55:13:WS2812B_ReconfigTimer	8	static
../Core/Src/ws2812b.c:65:13:WS2812B_Pack	40	static
../Core/Src/ws2812b.c:83:6:WS2812B_Init	16	static
../Core/Src/ws2812b.c:100:6:WS2812B_Send	16	static
../Core/Src/ws2812b.c:114:6:WS2812B_SendBlocking	8	static
../Core/Src/ws2812b.c:122:6:WS2812B_DMAComplete_Callback	8	static
../Core/Src/ws2812b.c:128:6:HAL_TIM_PWM_PulseFinishedCallback	8	static
../Core/Src/ws2812b.c:134:6:HAL_TIM_PWM_PulseFinishedHalfCpltCallback	0	static
../Core/Src/ws2812b.c:140:6:WS2812B_SetAll	48	static
../Core/Src/ws2812b.c:149:6:WS2812B_SetPixel	24	static
../Core/Src/ws2812b.c:158:6:WS2812B_SetPattern	8	static
../Core/Src/ws2812b.c:169:6:WS2812B_SetLampColor	8	static
../Core/Src/ws2812b.c:170:6:WS2812B_SetCustomReminderColor	8	static
../Core/Src/ws2812b.c:171:6:WS2812B_SetChargingLevel	0	static
../Core/Src/ws2812b.c:176:9:WS2812B_IsBusy	0	static
../Core/Src/ws2812b.c:179:13:SendIfDirty	8	static
../Core/Src/ws2812b.c:185:6:WS2812B_Update	56	static
